[    0.000000] Linux version 4.15.0-162-generic (buildd@lcy01-amd64-007) (gcc version 7.5.0 (Ubuntu 7.5.0-3ubuntu1~18.04)) #170-Ubuntu SMP Mon Oct 18 11:38:05 UTC 2021 (Ubuntu 4.15.0-162.170-generic 4.15.18)
[    0.000000] Command line: BOOT_IMAGE=/boot/vmlinuz-4.15.0-162-generic root=LABEL=cloudimg-rootfs ro console=tty1 console=ttyS0
[    0.000000] KERNEL supported cpus:
[    0.000000]   Intel GenuineIntel
[    0.000000]   AMD AuthenticAMD
[    0.000000]   Centaur CentaurHauls
[    0.000000] x86/fpu: Supporting XSAVE feature 0x001: 'x87 floating point registers'
[    0.000000] x86/fpu: Supporting XSAVE feature 0x002: 'SSE registers'
[    0.000000] x86/fpu: Supporting XSAVE feature 0x004: 'AVX registers'
[    0.000000] x86/fpu: xstate_offset[2]:  576, xstate_sizes[2]:  256
[    0.000000] x86/fpu: Enabled xstate features 0x7, context size is 832 bytes, using 'standard' format.
[    0.000000] e820: BIOS-provided physical RAM map:
[    0.000000] BIOS-e820: [mem 0x0000000000000000-0x000000000009fbff] usable
[    0.000000] BIOS-e820: [mem 0x000000000009fc00-0x000000000009ffff] reserved
[    0.000000] BIOS-e820: [mem 0x00000000000f0000-0x00000000000fffff] reserved
[    0.000000] BIOS-e820: [mem 0x0000000000100000-0x000000003ffeffff] usable
[    0.000000] BIOS-e820: [mem 0x000000003fff0000-0x000000003fffffff] ACPI data
[    0.000000] BIOS-e820: [mem 0x00000000fec00000-0x00000000fec00fff] reserved
[    0.000000] BIOS-e820: [mem 0x00000000fee00000-0x00000000fee00fff] reserved
[    0.000000] BIOS-e820: [mem 0x00000000fffc0000-0x00000000ffffffff] reserved
[    0.000000] NX (Execute Disable) protection: active
[    0.000000] SMBIOS 2.5 present.
[    0.000000] DMI: innotek GmbH VirtualBox/VirtualBox, BIOS VirtualBox 12/01/2006
[    0.000000] Hypervisor detected: KVM
[    0.000000] e820: last_pfn = 0x3fff0 max_arch_pfn = 0x400000000
[    0.000000] MTRR: Disabled
[    0.000000] x86/PAT: MTRRs disabled, skipping PAT initialization too.
[    0.000000] CPU MTRRs all blank - virtualized system.
[    0.000000] x86/PAT: Configuration [0-7]: WB  WT  UC- UC  WB  WT  UC- UC  
[    0.000000] found SMP MP-table at [mem 0x0009fff0-0x0009ffff]
[    0.000000] Scanning 1 areas for low memory corruption
[    0.000000] RAMDISK: [mem 0x359cd000-0x36cddfff]
[    0.000000] ACPI: Early table checksum verification disabled
[    0.000000] ACPI: RSDP 0x00000000000E0000 000024 (v02 VBOX  )
[    0.000000] ACPI: XSDT 0x000000003FFF0030 00003C (v01 VBOX   VBOXXSDT 00000001 ASL  00000061)
[    0.000000] ACPI: FACP 0x000000003FFF00F0 0000F4 (v04 VBOX   VBOXFACP 00000001 ASL  00000061)
[    0.000000] ACPI: DSDT 0x000000003FFF0470 002325 (v02 VBOX   VBOXBIOS 00000002 INTL 20200925)
[    0.000000] ACPI: FACS 0x000000003FFF0200 000040
[    0.000000] ACPI: FACS 0x000000003FFF0200 000040
[    0.000000] ACPI: APIC 0x000000003FFF0240 00005C (v02 VBOX   VBOXAPIC 00000001 ASL  00000061)
[    0.000000] ACPI: SSDT 0x000000003FFF02A0 0001CC (v01 VBOX   VBOXCPUT 00000002 INTL 20200925)
[    0.000000] ACPI: Reserving FACP table memory at [mem 0x3fff00f0-0x3fff01e3]
[    0.000000] ACPI: Reserving DSDT table memory at [mem 0x3fff0470-0x3fff2794]
[    0.000000] ACPI: Reserving FACS table memory at [mem 0x3fff0200-0x3fff023f]
[    0.000000] ACPI: Reserving FACS table memory at [mem 0x3fff0200-0x3fff023f]
[    0.000000] ACPI: Reserving APIC table memory at [mem 0x3fff0240-0x3fff029b]
[    0.000000] ACPI: Reserving SSDT table memory at [mem 0x3fff02a0-0x3fff046b]
[    0.000000] No NUMA configuration found
[    0.000000] Faking a node at [mem 0x0000000000000000-0x000000003ffeffff]
[    0.000000] NODE_DATA(0) allocated [mem 0x3ffc5000-0x3ffeffff]
[    0.000000] kvm-clock: cpu 0, msr 0:3ff44001, primary cpu clock
[    0.000000] kvm-clock: Using msrs 4b564d01 and 4b564d00
[    0.000000] kvm-clock: using sched offset of 3581156221 cycles
[    0.000000] clocksource: kvm-clock: mask: 0xffffffffffffffff max_cycles: 0x1cd42e4dffb, max_idle_ns: 881590591483 ns
[    0.000000] Zone ranges:
[    0.000000]   DMA      [mem 0x0000000000001000-0x0000000000ffffff]
[    0.000000]   DMA32    [mem 0x0000000001000000-0x000000003ffeffff]
[    0.000000]   Normal   empty
[    0.000000]   Device   empty
[    0.000000] Movable zone start for each node
[    0.000000] Early memory node ranges
[    0.000000]   node   0: [mem 0x0000000000001000-0x000000000009efff]
[    0.000000]   node   0: [mem 0x0000000000100000-0x000000003ffeffff]
[    0.000000] Reserved but unavailable: 104 pages
[    0.000000] Initmem setup node 0 [mem 0x0000000000001000-0x000000003ffeffff]
[    0.000000] ACPI: PM-Timer IO Port: 0x4008
[    0.000000] IOAPIC[0]: apic_id 2, version 32, address 0xfec00000, GSI 0-23
[    0.000000] ACPI: INT_SRC_OVR (bus 0 bus_irq 0 global_irq 2 dfl dfl)
[    0.000000] ACPI: INT_SRC_OVR (bus 0 bus_irq 9 global_irq 9 low level)
[    0.000000] Using ACPI (MADT) for SMP configuration information
[    0.000000] smpboot: Allowing 2 CPUs, 0 hotplug CPUs
[    0.000000] PM: Registered nosave memory: [mem 0x00000000-0x00000fff]
[    0.000000] PM: Registered nosave memory: [mem 0x0009f000-0x0009ffff]
[    0.000000] PM: Registered nosave memory: [mem 0x000a0000-0x000effff]
[    0.000000] PM: Registered nosave memory: [mem 0x000f0000-0x000fffff]
[    0.000000] e820: [mem 0x40000000-0xfebfffff] available for PCI devices
[    0.000000] Booting paravirtualized kernel on KVM
[    0.000000] clocksource: refined-jiffies: mask: 0xffffffff max_cycles: 0xffffffff, max_idle_ns: 7645519600211568 ns
[    0.000000] random: get_random_bytes called from start_kernel+0x99/0x500 with crng_init=0
[    0.000000] setup_percpu: NR_CPUS:8192 nr_cpumask_bits:2 nr_cpu_ids:2 nr_node_ids:1
[    0.000000] percpu: Embedded 45 pages/cpu s147456 r8192 d28672 u1048576
[    0.000000] PV qspinlock hash table entries: 256 (order: 0, 4096 bytes)
[    0.000000] Built 1 zonelists, mobility grouping on.  Total pages: 257913
[    0.000000] Policy zone: DMA32
[    0.000000] Kernel command line: BOOT_IMAGE=/boot/vmlinuz-4.15.0-162-generic root=LABEL=cloudimg-rootfs ro console=tty1 console=ttyS0
[    0.000000] Memory: 982712K/1048120K available (12300K kernel code, 2483K rwdata, 4320K rodata, 2448K init, 2724K bss, 65408K reserved, 0K cma-reserved)
[    0.000000] SLUB: HWalign=64, Order=0-3, MinObjects=0, CPUs=2, Nodes=1
[    0.000000] Kernel/User page tables isolation: enabled
[    0.000000] ftrace: allocating 39475 entries in 155 pages
[    0.004000] Hierarchical RCU implementation.
[    0.004000] 	RCU restricting CPUs from NR_CPUS=8192 to nr_cpu_ids=2.
[    0.004000] 	Tasks RCU enabled.
[    0.004000] RCU: Adjusting geometry for rcu_fanout_leaf=16, nr_cpu_ids=2
[    0.004000] NR_IRQS: 524544, nr_irqs: 440, preallocated irqs: 16
[    0.004000] Console: colour VGA+ 80x25
[    0.004000] console [tty1] enabled
[    0.004000] console [ttyS0] enabled
[    0.004000] ACPI: Core revision 20170831
[    0.004000] ACPI: 2 ACPI AML tables successfully acquired and loaded
[    0.004000] APIC: Switch to symmetric I/O mode setup
[    0.004000] x2apic enabled
[    0.004000] Switched APIC routing to physical x2apic.
[    0.004000] ..TIMER: vector=0x30 apic1=0 pin1=2 apic2=-1 pin2=-1
[    0.004000] tsc: Detected 1800.001 MHz processor
[    0.004010] Calibrating delay loop (skipped) preset value.. 3600.00 BogoMIPS (lpj=7200004)
[    0.005148] pid_max: default: 32768 minimum: 301
[    0.005901] Security Framework initialized
[    0.006555] Yama: becoming mindful.
[    0.007159] AppArmor: AppArmor initialized
[    0.008655] Dentry cache hash table entries: 131072 (order: 8, 1048576 bytes)
[    0.009875] Inode-cache hash table entries: 65536 (order: 7, 524288 bytes)
[    0.010768] Mount-cache hash table entries: 2048 (order: 2, 16384 bytes)
[    0.011631] Mountpoint-cache hash table entries: 2048 (order: 2, 16384 bytes)
[    0.012228] Last level iTLB entries: 4KB 64, 2MB 8, 4MB 8
[    0.012944] Last level dTLB entries: 4KB 64, 2MB 0, 4MB 0, 1GB 4
[    0.013729] Spectre V1 : Mitigation: usercopy/swapgs barriers and __user pointer sanitization
[    0.014851] Spectre V2 : Mitigation: Full generic retpoline
[    0.016001] Spectre V2 : Spectre v2 / SpectreRSB mitigation: Filling RSB on context switch
[    0.017099] Speculative Store Bypass: Vulnerable
[    0.017823] SRBDS: Unknown: Dependent on hypervisor status
[    0.018798] MDS: Mitigation: Clear CPU buffers
[    0.020184] Freeing SMP alternatives memory: 36K
[    0.131595] smpboot: CPU0: Intel(R) Core(TM) i5-8265U CPU @ 1.60GHz (family: 0x6, model: 0x8e, stepping: 0xc)
[    0.132000] Performance Events: unsupported p6 CPU model 142 no PMU driver, software events only.
[    0.132000] Hierarchical SRCU implementation.
[    0.132716] NMI watchdog: Perf event create on CPU 0 failed with -2
[    0.133890] NMI watchdog: Perf NMI watchdog permanently disabled
[    0.134988] smp: Bringing up secondary CPUs ...
[    0.136088] x86: Booting SMP configuration:
[    0.136824] .... node  #0, CPUs:      #1
[    0.004000] kvm-clock: cpu 1, msr 0:3ff44041, secondary cpu clock
[    0.140018] smp: Brought up 1 node, 2 CPUs
[    0.140796] smpboot: Max logical packages: 1
[    0.141636] smpboot: Total of 2 processors activated (7200.00 BogoMIPS)
[    0.142934] devtmpfs: initialized
[    0.144062] x86/mm: Memory block size: 128MB
[    0.145089] evm: security.selinux
[    0.145729] evm: security.SMACK64
[    0.146368] evm: security.SMACK64EXEC
[    0.147070] evm: security.SMACK64TRANSMUTE
[    0.148003] evm: security.SMACK64MMAP
[    0.148770] evm: security.apparmor
[    0.149429] evm: security.ima
[    0.150045] evm: security.capability
[    0.150787] clocksource: jiffies: mask: 0xffffffff max_cycles: 0xffffffff, max_idle_ns: 7645041785100000 ns
[    0.152009] futex hash table entries: 512 (order: 3, 32768 bytes)
[    0.153036] pinctrl core: initialized pinctrl subsystem
[    0.154323] RTC time: 20:50:46, date: 12/08/21
[    0.155148] NET: Registered protocol family 16
[    0.156078] audit: initializing netlink subsys (disabled)
[    0.156889] audit: type=2000 audit(1638996651.744:1): state=initialized audit_enabled=0 res=1
[    0.159007] cpuidle: using governor ladder
[    0.160012] cpuidle: using governor menu
[    0.160774] ACPI: bus type PCI registered
[    0.161507] acpiphp: ACPI Hot Plug PCI Controller Driver version: 0.5
[    0.164029] PCI: Using configuration type 1 for base access
[    0.164971] HugeTLB registered 2.00 MiB page size, pre-allocated 0 pages
[    0.165178] ACPI: Added _OSI(Module Device)
[    0.168009] ACPI: Added _OSI(Processor Device)
[    0.168722] ACPI: Added _OSI(3.0 _SCP Extensions)
[    0.169555] ACPI: Added _OSI(Processor Aggregator Device)
[    0.170446] ACPI: Added _OSI(Linux-Dell-Video)
[    0.171156] ACPI: Added _OSI(Linux-Lenovo-NV-HDMI-Audio)
[    0.172002] ACPI: Added _OSI(Linux-HPI-Hybrid-Graphics)
[    0.173049] ACPI: Executed 1 blocks of module-level executable AML code
[    0.176681] ACPI: Interpreter enabled
[    0.177289] ACPI: (supports S0 S5)
[    0.177877] ACPI: Using IOAPIC for interrupt routing
[    0.178792] PCI: Using host bridge windows from ACPI; if necessary, use "pci=nocrs" and report a bug
[    0.180178] ACPI: Enabled 2 GPEs in block 00 to 07
[    0.185938] ACPI: PCI Root Bridge [PCI0] (domain 0000 [bus 00-ff])
[    0.187272] acpi PNP0A03:00: _OSC: OS supports [ASPM ClockPM Segments MSI]
[    0.188647] acpi PNP0A03:00: _OSC: not requesting OS control; OS requires [ExtendedConfig ASPM ClockPM MSI]
[    0.190402] acpi PNP0A03:00: fail to add MMCONFIG information, can't access extended PCI configuration space under this bridge.
[    0.192473] PCI host bridge to bus 0000:00
[    0.193229] pci_bus 0000:00: root bus resource [io  0x0000-0x0cf7 window]
[    0.194529] pci_bus 0000:00: root bus resource [io  0x0d00-0xffff window]
[    0.196004] pci_bus 0000:00: root bus resource [mem 0x000a0000-0x000bffff window]
[    0.198065] pci_bus 0000:00: root bus resource [mem 0x40000000-0xfdffffff window]
[    0.200004] pci_bus 0000:00: root bus resource [bus 00-ff]
[    0.202614] pci 0000:00:01.1: legacy IDE quirk: reg 0x10: [io  0x01f0-0x01f7]
[    0.203859] pci 0000:00:01.1: legacy IDE quirk: reg 0x14: [io  0x03f6]
[    0.204007] pci 0000:00:01.1: legacy IDE quirk: reg 0x18: [io  0x0170-0x0177]
[    0.205331] pci 0000:00:01.1: legacy IDE quirk: reg 0x1c: [io  0x0376]
[    0.218613] pci 0000:00:07.0: quirk: [io  0x4000-0x403f] claimed by PIIX4 ACPI
[    0.220025] pci 0000:00:07.0: quirk: [io  0x4100-0x410f] claimed by PIIX4 SMB
[    0.230108] ACPI: PCI Interrupt Link [LNKA] (IRQs 5 9 10 *11)
[    0.231771] ACPI: PCI Interrupt Link [LNKB] (IRQs 5 9 *10 11)
[    0.232228] ACPI: PCI Interrupt Link [LNKC] (IRQs 5 *9 10 11)
[    0.233402] ACPI: PCI Interrupt Link [LNKD] (IRQs 5 9 10 *11)
[    0.234906] SCSI subsystem initialized
[    0.236056] pci 0000:00:02.0: vgaarb: setting as boot VGA device
[    0.237124] pci 0000:00:02.0: vgaarb: VGA device added: decodes=io+mem,owns=io+mem,locks=none
[    0.238595] pci 0000:00:02.0: vgaarb: bridge control possible
[    0.240010] vgaarb: loaded
[    0.240591] ACPI: bus type USB registered
[    0.241354] usbcore: registered new interface driver usbfs
[    0.242336] usbcore: registered new interface driver hub
[    0.243289] usbcore: registered new device driver usb
[    0.244079] EDAC MC: Ver: 3.0.0
[    0.244863] PCI: Using ACPI for IRQ routing
[    0.245088] NetLabel: Initializing
[    0.245746] NetLabel:  domain hash size = 128
[    0.248010] NetLabel:  protocols = UNLABELED CIPSOv4 CALIPSO
[    0.249038] NetLabel:  unlabeled traffic allowed by default
[    0.250049] clocksource: Switched to clocksource kvm-clock
[    0.259144] VFS: Disk quotas dquot_6.6.0
[    0.259886] VFS: Dquot-cache hash table entries: 512 (order 0, 4096 bytes)
[    0.261113] AppArmor: AppArmor Filesystem Enabled
[    0.261960] pnp: PnP ACPI init
[    0.263177] pnp: PnP ACPI: found 3 devices
[    0.271008] clocksource: acpi_pm: mask: 0xffffff max_cycles: 0xffffff, max_idle_ns: 2085701024 ns
[    0.272278] NET: Registered protocol family 2
[    0.272918] IP idents hash table entries: 16384 (order: 5, 131072 bytes)
[    0.274612] TCP established hash table entries: 8192 (order: 4, 65536 bytes)
[    0.275623] TCP bind hash table entries: 8192 (order: 5, 131072 bytes)
[    0.276540] TCP: Hash tables configured (established 8192 bind 8192)
[    0.277412] UDP hash table entries: 512 (order: 2, 16384 bytes)
[    0.278219] UDP-Lite hash table entries: 512 (order: 2, 16384 bytes)
[    0.279061] NET: Registered protocol family 1
[    0.279657] pci 0000:00:00.0: Limiting direct PCI/PCI transfers
[    0.280462] pci 0000:00:01.0: Activating ISA DMA hang workarounds
[    0.281307] pci 0000:00:02.0: Video device with shadowed ROM at [mem 0x000c0000-0x000dffff]
[    0.282533] Unpacking initramfs...
[    0.523101] Freeing initrd memory: 19524K
[    0.523898] clocksource: tsc: mask: 0xffffffffffffffff max_cycles: 0x19f22aa45f0, max_idle_ns: 440795269146 ns
[    0.525374] platform rtc_cmos: registered platform RTC device (no PNP device found)
[    0.526431] Scanning for low memory corruption every 60 seconds
[    0.527692] Initialise system trusted keyrings
[    0.528398] Key type blacklist registered
[    0.529017] workingset: timestamp_bits=36 max_order=18 bucket_order=0
[    0.530683] zbud: loaded
[    0.531469] squashfs: version 4.0 (2009/01/31) Phillip Lougher
[    0.532518] fuse init (API version 7.26)
[    0.534382] Key type asymmetric registered
[    0.534958] Asymmetric key parser 'x509' registered
[    0.535653] Block layer SCSI generic (bsg) driver version 0.4 loaded (major 246)
[    0.536789] io scheduler noop registered
[    0.537336] io scheduler deadline registered
[    0.537925] io scheduler cfq registered (default)
[    0.538863] ACPI: AC Adapter [AC] (on-line)
[    0.539511] input: Power Button as /devices/LNXSYSTM:00/LNXPWRBN:00/input/input0
[    0.540589] ACPI: Power Button [PWRF]
[    0.541140] input: Sleep Button as /devices/LNXSYSTM:00/LNXSLPBN:00/input/input1
[    0.542156] ACPI: Sleep Button [SLPF]
[    0.543401] ACPI: Battery Slot [BAT0] (battery present)
[    0.544180] Serial: 8250/16550 driver, 32 ports, IRQ sharing enabled
[    0.565535] 00:02: ttyS0 at I/O 0x3f8 (irq = 4, base_baud = 115200) is a 16550A
[    0.567715] Linux agpgart interface v0.103
[    0.569428] loop: module loaded
[    0.570563] scsi host0: ata_piix
[    0.571203] scsi host1: ata_piix
[    0.571694] ata1: PATA max UDMA/33 cmd 0x1f0 ctl 0x3f6 bmdma 0xd000 irq 14
[    0.572621] ata2: PATA max UDMA/33 cmd 0x170 ctl 0x376 bmdma 0xd008 irq 15
[    0.573594] libphy: Fixed MDIO Bus: probed
[    0.574194] tun: Universal TUN/TAP device driver, 1.6
[    0.574999] PPP generic driver version 2.4.2
[    0.575628] ehci_hcd: USB 2.0 'Enhanced' Host Controller (EHCI) Driver
[    0.576507] ehci-pci: EHCI PCI platform driver
[    0.577126] ehci-platform: EHCI generic platform driver
[    0.577827] ohci_hcd: USB 1.1 'Open' Host Controller (OHCI) Driver
[    0.578637] ohci-pci: OHCI PCI platform driver
[    0.579246] ohci-platform: OHCI generic platform driver
[    0.579940] uhci_hcd: USB Universal Host Controller Interface driver
[    0.580847] i8042: PNP: PS/2 Controller [PNP0303:PS2K,PNP0f03:PS2M] at 0x60,0x64 irq 1,12
[    0.582433] serio: i8042 KBD port at 0x60,0x64 irq 1
[    0.583158] serio: i8042 AUX port at 0x60,0x64 irq 12
[    0.583951] mousedev: PS/2 mouse device common for all mice
[    0.584923] input: AT Translated Set 2 keyboard as /devices/platform/i8042/serio0/input/input2
[    0.586760] rtc_cmos rtc_cmos: rtc core: registered rtc_cmos as rtc0
[    0.588685] rtc_cmos rtc_cmos: alarms up to one day, 114 bytes nvram
[    0.590264] i2c /dev entries driver
[    0.590847] device-mapper: uevent: version 1.0.3
[    0.591495] device-mapper: ioctl: 4.37.0-ioctl (2017-09-20) initialised: dm-devel@redhat.com
[    0.592788] ledtrig-cpu: registered to indicate activity on CPUs
[    0.593936] NET: Registered protocol family 10
[    0.597380] Segment Routing with IPv6
[    0.597939] NET: Registered protocol family 17
[    0.598623] Key type dns_resolver registered
[    0.599409] mce: Using 0 MCE banks
[    0.599956] RAS: Correctable Errors collector initialized.
[    0.600742] sched_clock: Marking stable (600718438, 0)->(745189552, -144471114)
[    0.601931] registered taskstats version 1
[    0.602573] Loading compiled-in X.509 certificates
[    0.605015] Loaded X.509 cert 'Build time autogenerated kernel key: ebed311aedd59d9a851620769f4a146e4e1d43c6'
[    0.606888] Loaded X.509 cert 'Canonical Ltd. Live Patch Signing: 14df34d1a87cf37625abec039ef2bf521249b969'
[    0.608661] Loaded X.509 cert 'Canonical Ltd. Kernel Module Signing: 88f752e560a1e0737e31163a466ad7b70a850c19'
[    0.610001] zswap: loaded using pool lzo/zbud
[    0.613299] Key type big_key registered
[    0.613865] Key type trusted registered
[    0.615717] Key type encrypted registered
[    0.616383] AppArmor: AppArmor sha1 policy hashing enabled
[    0.617169] ima: No TPM chip found, activating TPM-bypass! (rc=-19)
[    0.617974] ima: Allocated hash algorithm: sha1
[    0.618623] evm: HMAC attrs: 0x1
[    0.619277]   Magic number: 1:548:851
[    0.619860]  index3: hash matches
[    0.620371]  index3: hash matches
[    0.620942] rtc_cmos rtc_cmos: setting system clock to 2021-12-08 20:50:47 UTC (1638996647)
[    0.622164] BIOS EDD facility v0.16 2004-Jun-25, 0 devices found
[    0.622959] EDD information not available.
[    0.860443] Freeing unused kernel image memory: 2448K
[    0.876330] Write protecting the kernel read-only data: 20480k
[    0.878182] Freeing unused kernel image memory: 2008K
[    0.879526] Freeing unused kernel image memory: 1824K
[    0.887481] x86/mm: Checked W+X mappings: passed, no W+X pages found.
[    0.888905] x86/mm: Checking user space page tables
[    0.896801] x86/mm: Checked W+X mappings: passed, no W+X pages found.
Loading, please wait...
starting version 237
[    0.951173] e1000: Intel(R) PRO/1000 Network Driver - version 7.3.21-k8-NAPI
[    0.952191] e1000: Copyright (c) 1999-2006 Intel Corporation.
[    0.958752] Fusion MPT base driver 3.04.20
[    0.959435] Copyright (c) 1999-2008 LSI Corporation
[    0.969532] Fusion MPT SPI Host driver 3.04.20
[    0.976000] AVX2 version of gcm_enc/dec engaged.
[    0.976961] AES CTR mode by8 optimization enabled
[    1.169615] input: ImExPS/2 Generic Explorer Mouse as /devices/platform/i8042/serio1/input/input4
[    1.311914] e1000 0000:00:03.0 eth0: (PCI:33MHz:32-bit) 02:75:2e:1a:60:96
[    1.313514] e1000 0000:00:03.0 eth0: Intel(R) PRO/1000 Network Connection
[    1.704803] e1000 0000:00:08.0 eth1: (PCI:33MHz:32-bit) 08:00:27:e1:a9:ab
[    1.706981] e1000 0000:00:08.0 eth1: Intel(R) PRO/1000 Network Connection
[    1.710841] e1000 0000:00:08.0 enp0s8: renamed from eth1
[    1.716110] mptbase: ioc0: Initiating bringup
[    1.724497] e1000 0000:00:03.0 enp0s3: renamed from eth0
[    2.340299] ioc0: LSI53C1030 A0: Capabilities={Initiator}
[    5.193381] scsi host2: ioc0: LSI53C1030 A0, FwRev=00000000h, Ports=1, MaxQ=256, IRQ=20
[    7.555328] scsi 2:0:0:0: Direct-Access     VBOX     HARDDISK         1.0  PQ: 0 ANSI: 5
[    8.096117] scsi target2:0:0: Beginning Domain Validation
[    8.103197] scsi target2:0:0: Domain Validation skipping write tests
[    8.105979] scsi target2:0:0: Ending Domain Validation
[    8.108012] scsi target2:0:0: asynchronous
[    8.109926] scsi 2:0:1:0: Direct-Access     VBOX     HARDDISK         1.0  PQ: 0 ANSI: 5
[    8.265569] scsi target2:0:1: Beginning Domain Validation
[    8.275782] random: fast init done
[    8.278739] scsi target2:0:1: Domain Validation skipping write tests
[    8.282908] scsi target2:0:1: Ending Domain Validation
[    8.289034] scsi target2:0:1: asynchronous
[    8.301776] random: systemd-udevd: uninitialized urandom read (16 bytes read)
[    8.304017] random: systemd-udevd: uninitialized urandom read (16 bytes read)
[    8.306248] random: systemd-udevd: uninitialized urandom read (16 bytes read)
[    8.308590] sd 2:0:0:0: Attached scsi generic sg0 type 0
[    8.310468] sd 2:0:0:0: [sda] 83886080 512-byte logical blocks: (42.9 GB/40.0 GiB)
[    8.310794] sd 2:0:1:0: [sdb] 20480 512-byte logical blocks: (10.5 MB/10.0 MiB)
[    8.313980] sd 2:0:0:0: [sda] Write Protect is off
[    8.313983] sd 2:0:1:0: [sdb] Write Protect is off
[    8.318228] sd 2:0:1:0: [sdb] Incomplete mode parameter data
[    8.318263] sd 2:0:1:0: Attached scsi generic sg1 type 0
[    8.319258] sd 2:0:1:0: [sdb] Assuming drive cache: write through
[    8.320266] sd 2:0:0:0: [sda] Incomplete mode parameter data
[    8.322333] sd 2:0:0:0: [sda] Assuming drive cache: write through
[    8.366243]  sda: sda1
[    8.373031] sd 2:0:0:0: [sda] Attached SCSI disk
[    8.375846] sd 2:0:1:0: [sdb] Attached SCSI disk
Begin: Loading essential drivers ... [    9.840061] raid6: sse2x1   gen() 13041 MB/s
[    9.888052] raid6: sse2x1   xor()  7688 MB/s
[    9.936048] raid6: sse2x2   gen() 15944 MB/s
[    9.984045] raid6: sse2x2   xor() 10404 MB/s
[   10.032052] raid6: sse2x4   gen() 17153 MB/s
[   10.080070] raid6: sse2x4   xor() 10022 MB/s
[   10.128103] raid6: avx2x1   gen() 23582 MB/s
[   10.176051] raid6: avx2x1   xor() 14378 MB/s
[   10.224079] raid6: avx2x2   gen() 29454 MB/s
[   10.272058] raid6: avx2x2   xor() 18824 MB/s
[   10.320048] raid6: avx2x4   gen() 33298 MB/s
[   10.368066] raid6: avx2x4   xor() 20317 MB/s
[   10.368841] raid6: using algorithm avx2x4 gen() 33298 MB/s
[   10.369701] raid6: .... xor() 20317 MB/s, rmw enabled
[   10.370415] raid6: using avx2x2 recovery algorithm
[   10.372278] xor: automatically using best checksumming function   avx       
[   10.374187] async_tx: api initialized (async)
done.
Begin: Running /scripts/init-premount ... done.
Begin: Mounting root file system ... Begin: Running /scripts/local-top ... done.
Begin: Running /scripts/local-premount ... [   10.414635] Btrfs loaded, crc32c=crc32c-intel
Scanning for Btrfs filesystems
done.
Warning: fsck not present, so skipping root file system
[   10.478686] EXT4-fs (sda1): mounted filesystem with ordered data mode. Opts: (null)
done.
Begin: Running /scripts/local-bottom ... done.
Begin: Running /scripts/init-bottom ... done.
[   11.340532] ip_tables: (C) 2000-2006 Netfilter Core Team
[   11.428286] systemd[1]: systemd 237 running in system mode. (+PAM +AUDIT +SELINUX +IMA +APPARMOR +SMACK +SYSVINIT +UTMP +LIBCRYPTSETUP +GCRYPT +GNUTLS +ACL +XZ +LZ4 +SECCOMP +BLKID +ELFUTILS +KMOD -IDN2 +IDN -PCRE2 default-hierarchy=hybrid)
[   11.442166] systemd[1]: Detected virtualization oracle.
[   11.445460] systemd[1]: Detected architecture x86-64.

Welcome to [1mUbuntu 18.04.6 LTS[0m!

[   11.504483] systemd[1]: Set hostname to <ubuntu>.
[   11.552602] systemd[1]: Initializing machine ID from random generator.
[   11.557358] systemd[1]: Installed transient /etc/machine-id file.
[   12.364138] random: crng init done
[   12.366352] random: 7 urandom warning(s) missed due to ratelimiting
[   12.762889] systemd[1]: Reached target Swap.
[[0;32m  OK  [0m] Reached target Swap.
[   12.767912] systemd[1]: Reached target System Time Synchronized.
[[0;32m  OK  [0m] Reached target System Time Synchronized.
[   12.774719] systemd[1]: Set up automount Arbitrary Executable File Formats File System Automount Point.
[[0;32m  OK  [0m] Set up automount Arbitrary Executabâ€¦rmats File System Automount Point.
[   12.781398] systemd[1]: Reached target User and Group Name Lookups.
[[0;32m  OK  [0m] Reached target User and Group Name Lookups.
[[0;32m  OK  [0m] Started Forward Password Requests to Wall Directory Watch.
[[0;32m  OK  [0m] Created slice System Slice.
[[0;32m  OK  [0m] Created slice system-serial\x2dgetty.slice.
[[0;32m  OK  [0m] Listening on Syslog Socket.
[[0;32m  OK  [0m] Listening on Journal Socket.
         Mounting POSIX Message Queue File System...
         Starting Load Kernel Modules...
[[0;32m  OK  [0m] Listening on Network Service Netlink Socket.
[[0;32m  OK  [0m] Listening on udev Control Socket.
[[0;32m  OK  [0m] Listening on Device-mapper event daemon FIFOs.
[[0;32m  OK  [0m] Listening on Journal Audit Socket.
[[0;32m  OK  [0m] Listening on Journal Socket (/dev/log).
         Starting Uncomplicated firewall...
[[0;32m  OK  [0m] Listening on fsck to fsckd communication Socket.
         Starting File System Check on Root Device...
[[0;32m  OK  [0m] Listening on LVM2 metadata daemon socket.
         Starting Monitoring of LVM2 mirrorsâ€¦ng dmeventd or progress polling...
[[0;32m  OK  [0m] Listening on /dev/initctl Compatibility Named Pipe.
[[0;32m  OK  [0m] Listening on udev Kernel Socket.
         Starting udev Coldplug all Devices...
         Mounting Huge Pages File System...
[[0;32m  OK  [0m] Listening on LVM2 poll daemon socket.
[   12.830332] Loading iSCSI transport class v2.0-870.
         Starting Set the console keyboard layout...
         Starting Journal Service...
         Mounting Kernel Debug File System...
[[0;32m  OK  [0m] Created slice User and Session Slice.
[[0;32m  OK  [0m] Reached target Slices.
         Starting Create list of required stâ€¦ce nodes for the current kernel...
[[0;32m  OK  [0m] Mounted POSIX Message Queue File System.
[[0;32m  OK  [0m] Started Uncomplicated firewall.
[[0;32m  OK  [0m] Mounted Huge Pages File System.
[[0;32m  OK  [0m] Mounted Kernel Debug File System.
[[0;32m  OK  [0m] Started File System Check Daemon to report status.
[[0;32m  OK  [0m] Started udev Coldplug all Devices.
[   12.991092] iscsi: registered transport (tcp)
[[0;32m  OK  [0m] Started Journal Service.
[[0;32m  OK  [0m] Started Create list of required staâ€¦vice nodes for the current kernel.
         Starting Create Static Device Nodes in /dev...
[[0;32m  OK  [0m] Started File System Check on Root Device.
         Starting Remount Root and Kernel File Systems...
[[0;32m  OK  [0m] Started LVM2 metadata daemon.
[   13.185774] iscsi: registered transport (iser)
[[0;32m  OK  [0m] Started Load Kernel Modules.
         Mounting Kernel Configuration File System...
         Mounting FUSE Control File System...
         Starting Apply Kernel Variables...
[[0;32m  OK  [0m] Mounted Kernel Configuration File System.
[[0;32m  OK  [0m] Mounted FUSE Control File System.
[[0;32m  OK  [0m] Started Remount Root and Kernel File Systems.
         Starting Load/Save Random Seed...
         Starting Flush Journal to Persistent Storage...
[[0;32m  OK  [0m] Started Apply Kernel Variables.
[[0;32m  OK  [0m] Started Create Static Device Nodes in /dev.
         Starting udev Kernel Device Manager...
[[0;32m  OK  [0m] Started Load/Save Random Seed.
[[0;32m  OK  [0m] Started Monitoring of LVM2 mirrors,â€¦sing dmeventd or progress polling.
[[0;32m  OK  [0m] Started Set the console keyboard layout.
[[0;32m  OK  [0m] Reached target Local File Systems (Pre).
[[0;32m  OK  [0m] Reached target Local File Systems.
         Starting AppArmor initialization...
         Starting Commit a transient machine-id on disk...
         Starting Set console font and keymap...
         Starting Tell Plymouth To Write Out Runtime Data...
         Starting ebtables ruleset management...
[[0;32m  OK  [0m] Started udev Kernel Device Manager.
[[0;32m  OK  [0m] Started Dispatch Password Requests to Console Directory Watch.
[[0;32m  OK  [0m] Reached target Local Encrypted Volumes.
[[0;32m  OK  [0m] Started Set console font and keymap.
[[0;32m  OK  [0m] Started Tell Plymouth To Write Out Runtime Data.
[[0;32m  OK  [0m] Started Flush Journal to Persistent Storage.
         Starting Create Volatile Files and Directories...
[[0;32m  OK  [0m] Started Commit a transient machine-id on disk.
[[0;32m  OK  [0m] Started Create Volatile Files and Directories.
         Starting Update UTMP about System Boot/Shutdown...
[[0;32m  OK  [0m] Started Update UTMP about System Boot/Shutdown.
[[0;32m  OK  [0m] Started ebtables ruleset management.
[[0;32m  OK  [0m] Found device /dev/ttyS0.
[[0;32m  OK  [0m] Listening on Load/Save RF Kill Switch Status /dev/rfkill Watch.
[[0;32m  OK  [0m] Started AppArmor initialization.
         Starting Load AppArmor profiles managed internally by snapd...
         Starting Initial cloud-init job (pre-networking)...
[[0;32m  OK  [0m] Started Load AppArmor profiles managed internally by snapd.
[   18.321711] cloud-init[589]: Cloud-init v. 21.3-1-g6803368d-0ubuntu1~18.04.4 running 'init-local' at Wed, 08 Dec 2021 20:51:04 +0000. Up 17.42 seconds.
[[0;32m  OK  [0m] Started Initial cloud-init job (pre-networking).
[[0;32m  OK  [0m] Reached target Network (Pre).
         Starting Network Service...
[[0;32m  OK  [0m] Started Network Service.
         Starting Wait for Network to be Configured...
         Starting Network Name Resolution...
[[0;32m  OK  [0m] Started Network Name Resolution.
[[0;32m  OK  [0m] Reached target Host and Network Name Lookups.
[[0;32m  OK  [0m] Reached target Network.
[[0;32m  OK  [0m] Started Wait for Network to be Configured.
         Starting Initial cloud-init job (metadata service crawler)...
[   20.610151] cloud-init[725]: Cloud-init v. 21.3-1-g6803368d-0ubuntu1~18.04.4 running 'init' at Wed, 08 Dec 2021 20:51:07 +0000. Up 20.50 seconds.
[   20.611327] cloud-init[725]: ci-info: ++++++++++++++++++++++++++++++++++++++Net device info+++++++++++++++++++++++++++++++++++++++
[   20.612569] cloud-init[725]: ci-info: +--------+-------+----------------------------+---------------+--------+-------------------+
[   20.613545] cloud-init[725]: ci-info: | Device |   Up  |          Address           |      Mask     | Scope  |     Hw-Address    |
[   20.614699] cloud-init[725]: ci-info: +--------+-------+----------------------------+---------------+--------+-------------------+
[   20.615711] cloud-init[725]: ci-info: | enp0s3 |  True |         10.0.2.15          | 255.255.255.0 | global | 02:75:2e:1a:60:96 |
[   20.616778] cloud-init[725]: ci-info: | enp0s3 |  True | fe80::75:2eff:fe1a:6096/64 |       .       |  link  | 02:75:2e:1a:60:96 |
[   20.617845] cloud-init[725]: ci-info: | enp0s8 | False |             .              |       .       |   .    | 08:00:27:e1:a9:ab |
[   20.619022] cloud-init[725]: ci-info: |   lo   |  True |         127.0.0.1          |   255.0.0.0   |  host  |         .         |
[   20.620210] cloud-init[725]: ci-info: |   lo   |  True |          ::1/128           |       .       |  host  |         .         |
[   20.621428] cloud-init[725]: ci-info: +--------+-------+----------------------------+---------------+--------+-------------------+
[   20.622460] cloud-init[725]: ci-info: ++++++++++++++++++++++++++++Route IPv4 info+++++++++++++++++++++++++++++
[   20.623353] cloud-init[725]: ci-info: +-------+-------------+----------+-----------------+-----------+-------+
[   20.624242] cloud-init[725]: ci-info: | Route | Destination | Gateway  |     Genmask     | Interface | Flags |
[   20.625130] cloud-init[725]: ci-info: +-------+-------------+----------+-----------------+-----------+-------+
[   20.626086] cloud-init[725]: ci-info: |   0   |   0.0.0.0   | 10.0.2.2 |     0.0.0.0     |   enp0s3  |   UG  |
[   20.626986] cloud-init[725]: ci-info: |   1   |   10.0.2.0  | 0.0.0.0  |  255.255.255.0  |   enp0s3  |   U   |
[   20.627863] cloud-init[725]: ci-info: |   2   |   10.0.2.2  | 0.0.0.0  | 255.255.255.255 |   enp0s3  |   UH  |
[   20.628731] cloud-init[725]: ci-info: +-------+-------------+----------+-----------------+-----------+-------+
[   20.629608] cloud-init[725]: ci-info: +++++++++++++++++++Route IPv6 info+++++++++++++++++++
[   20.630331] cloud-init[725]: ci-info: +-------+-------------+---------+-----------+-------+
[   20.631163] cloud-init[725]: ci-info: | Route | Destination | Gateway | Interface | Flags |
[   20.631884] cloud-init[725]: ci-info: +-------+-------------+---------+-----------+-------+
[   20.632613] cloud-init[725]: ci-info: |   1   |  fe80::/64  |    ::   |   enp0s3  |   U   |
[   20.633323] cloud-init[725]: ci-info: |   3   |    local    |    ::   |   enp0s3  |   U   |
[   20.634017] cloud-init[725]: ci-info: |   4   |   ff00::/8  |    ::   |   enp0s3  |   U   |
[   20.634731] cloud-init[725]: ci-info: +-------+-------------+---------+-----------+-------+
[   22.865285] cloud-init[725]: Generating public/private rsa key pair.
[   22.865996] cloud-init[725]: Your identification has been saved in /etc/ssh/ssh_host_rsa_key.
[   22.866859] cloud-init[725]: Your public key has been saved in /etc/ssh/ssh_host_rsa_key.pub.
[   22.867712] cloud-init[725]: The key fingerprint is:
[   22.868214] cloud-init[725]: SHA256:2pXokAECVLMt83i2qyG32zJEgzwlJh5GGOqZNQcSFuw root@ubuntu-bionic
[   22.869077] cloud-init[725]: The key's randomart image is:
[   22.869696] cloud-init[725]: +---[RSA 2048]----+
[   22.870174] cloud-init[725]: |BX=+.            |
[   22.870598] cloud-init[725]: |=*.o=.           |
[   22.871080] cloud-init[725]: |O =* o.          |
[   22.871517] cloud-init[725]: |.E+oB  o . .     |
[   22.871974] cloud-init[725]: | +o..+o S o      |
[   22.872446] cloud-init[725]: |   .o .= .       |
[   22.872904] cloud-init[725]: | ..o .. o        |
[   22.873353] cloud-init[725]: |  oo+ .          |
[   22.873871] cloud-init[725]: |   +=o           |
[   22.874386] cloud-init[725]: +----[SHA256]-----+
[   22.874891] cloud-init[725]: Generating public/private dsa key pair.
[   22.875558] cloud-init[725]: Your identification has been saved in /etc/ssh/ssh_host_dsa_key.
[   22.876417] cloud-init[725]: Your public key has been saved in /etc/ssh/ssh_host_dsa_key.pub.
[   22.877258] cloud-init[725]: The key fingerprint is:
[   22.877737] cloud-init[725]: SHA256:xeku/DnL4R2GBmsOGHpoIAJlsfxbHYg/r0QMX2C60wk root@ubuntu-bionic
[   22.878512] cloud-init[725]: The key's randomart image is:
[   22.879002] cloud-init[725]: +---[DSA 1024]----+
[   22.879480] cloud-init[725]: |  +.  o          |
[   22.879918] cloud-init[725]: | + . + o . .     |
[   22.880359] cloud-init[725]: |. o E . o +      |
[   22.880786] cloud-init[725]: |.  . O + +       |
[   22.881220] cloud-init[725]: |+   = X S .      |
[   22.881638] cloud-init[725]: |o. o B + + .     |
[   22.882059] cloud-init[725]: |  + + o * = o    |
[   22.882470] cloud-init[725]: | . . . = *.= .   |
[   22.882887] cloud-init[725]: |      . . *o.    |
[   22.883316] cloud-init[725]: +----[SHA256]-----+
[   22.883737] cloud-init[725]: Generating public/private ecdsa key pair.
[   22.884317] cloud-init[725]: Your identification has been saved in /etc/ssh/ssh_host_ecdsa_key.
[   22.885069] cloud-init[725]: Your public key has been saved in /etc/ssh/ssh_host_ecdsa_key.pub.
[   22.885978] cloud-init[725]: The key fingerprint is:
[   22.886511] cloud-init[725]: SHA256:h2lrOSstb0XM5BWD9/A/KTYIJJtY1C1nlOCqt/6cLhg root@ubuntu-bionic
[   22.887326] cloud-init[725]: The key's randomart image is:
[   22.887819] cloud-init[725]: +---[ECDSA 256]---+
[   22.888275] cloud-init[725]: |      ....+o+.   |
[   22.888778] cloud-init[725]: |       o.+o=+.   |
[   22.889273] cloud-init[725]: |      o =*+o +   |
[   22.889782] cloud-init[725]: |     . o.+=   o  |
[   22.890261] cloud-init[725]: |       .S.o .  ..|
[   22.890759] cloud-init[725]: |     E.. +.. + o.|
[   22.891240] cloud-init[725]: |     .oo=.  . o .|
[   22.891727] cloud-init[725]: |     .+o=o.      |
[   22.892267] cloud-init[725]: |      .B*=       |
[   22.892696] cloud-init[725]: +----[SHA256]-----+
[   22.893172] cloud-init[725]: Generating public/private ed25519 key pair.
[   22.893791] cloud-init[725]: Your identification has been saved in /etc/ssh/ssh_host_ed25519_key.
[   22.894645] cloud-init[725]: Your public key has been saved in /etc/ssh/ssh_host_ed25519_key.pub.
[   22.895411] cloud-init[725]: The key fingerprint is:
[   22.895861] cloud-init[725]: SHA256:i15sEImh3+3nXA1fez14V6KmjA8AWAw0JYx4AISLIfo root@ubuntu-bionic
[   22.896699] cloud-init[725]: The key's randomart image is:
[   22.897214] cloud-init[725]: +--[ED25519 256]--+
[   22.897647] cloud-init[725]: |B*=++            |
[   22.898069] cloud-init[725]: |* o*.o .         |
[   22.898491] cloud-init[725]: |++o o o          |
[   22.898910] cloud-init[725]: |+  . o o         |
[   22.899331] cloud-init[725]: | .  . + S   . . o|
[   22.899748] cloud-init[725]: |  E    * .   =.o+|
[   22.900180] cloud-init[725]: |      . B . +.o++|
[   22.900605] cloud-init[725]: |     . o B +  . +|
[   22.901056] cloud-init[725]: |      . ..*      |
[   22.901486] cloud-init[725]: +----[SHA256]-----+
[[0;32m  OK  [0m] Started Initial cloud-init job (metadata service crawler).
[[0;32m  OK  [0m] Reached target Network is Online.
[[0;32m  OK  [0m] Reached target Remote File Systems (Pre).
[[0;32m  OK  [0m] Reached target Remote File Systems.
         Starting Availability of block devices...
[[0;32m  OK  [0m] Reached target Cloud-config availability.
[[0;32m  OK  [0m] Reached target System Initialization.
[[0;32m  OK  [0m] Started Daily Cleanup of Temporary Directories.
[[0;32m  OK  [0m] Started Daily apt download activities.
[[0;32m  OK  [0m] Listening on ACPID Listen Socket.
[[0;32m  OK  [0m] Started Discard unused blocks once a week.
[[0;32m  OK  [0m] Started Message of the Day.
[[0;32m  OK  [0m] Listening on D-Bus System Message Bus Socket.
[[0;32m  OK  [0m] Listening on cloud-init hotplug hook socket.
[[0;32m  OK  [0m] Listening on Open-iSCSI iscsid Socket.
[[0;32m  OK  [0m] Started Daily apt upgrade and clean activities.
[[0;32m  OK  [0m] Started Ubuntu Advantage Timer for running repeated jobs.
[[0;32m  OK  [0m] Reached target Timers.
[[0;32m  OK  [0m] Started ACPI Events Check.
         Starting Socket activation for snappy daemon.
[[0;32m  OK  [0m] Started Trigger to poll for Ubuntu â€¦(Only enabled on GCP LTS non-pro).
[[0;32m  OK  [0m] Reached target Paths.
         Starting LXD - unix socket.
[[0;32m  OK  [0m] Listening on UUID daemon activation socket.
[[0;32m  OK  [0m] Started Availability of block devices.
[[0;32m  OK  [0m] Listening on Socket activation for snappy daemon.
[[0;32m  OK  [0m] Listening on LXD - unix socket.
[[0;32m  OK  [0m] Reached target Sockets.
[[0;32m  OK  [0m] Reached target Basic System.
[[0;32m  OK  [0m] Started FUSE filesystem for LXC.
         Starting Permit User Sessions...
         Starting LSB: Record successful boot for GRUB...
[[0;32m  OK  [0m] Started irqbalance daemon.
         Starting System Logging Service...
[[0;32m  OK  [0m] Started D-Bus System Message Bus.
         Starting Virtualbox guest utils...
[[0;32m  OK  [0m] Started Deferred execution scheduler.
[[0;32m  OK  [0m] Started Regular background program processing daemon.
         Starting LSB: automatic crash report generation...
         Starting Accounts Service...
         Starting Pollinate to seed the pseudo random number generator...
         Starting Dispatcher daemon for systemd-networkd...
         Starting LXD - container startup/shutdown...
         Starting Login Service...
         Starting Snap Daemon...
[[0;32m  OK  [0m] Started System Logging Service.
[[0;32m  OK  [0m] Started Permit User Sessions.
         Starting Terminate Plymouth Boot Screen...
         Starting Hold until boot process finishes up...
[[0;32m  OK  [0m] Started Terminate Plymouth Boot Screen.
[[0;32m  OK  [0m] Started Hold until boot process finishes up.
         Starting Set console scheme...
[[0;32m  OK  [0m] Started Serial Getty on ttyS0.
         Starting Authorization Manager...
[[0;32m  OK  [0m] Started Login Service.
[[0;32m  OK  [0m] Started Unattended Upgrades Shutdown.
[[0;32m  OK  [0m] Started Set console scheme.
[[0;32m  OK  [0m] Created slice system-getty.slice.
[[0;32m  OK  [0m] Started Getty on tty1.
[[0;32m  OK  [0m] Reached target Login Prompts.
[[0;32m  OK  [0m] Started LSB: automatic crash report generation.
[[0;32m  OK  [0m] Started Authorization Manager.
[[0;32m  OK  [0m] Started Accounts Service.
[[0;32m  OK  [0m] Started LSB: Record successful boot for GRUB.
[[0;32m  OK  [0m] Started Virtualbox guest utils.
[[0;32m  OK  [0m] Started Dispatcher daemon for systemd-networkd.
[[0;32m  OK  [0m] Started LXD - container startup/shutdown.
[[0;32m  OK  [0m] Started Snap Daemon.
         Starting Wait until snapd is fully seeded...
[[0;32m  OK  [0m] Started Pollinate to seed the pseudo random number generator.
         Starting OpenBSD Secure Shell server...
[[0;32m  OK  [0m] Started OpenBSD Secure Shell server.
[[0;32m  OK  [0m] Created slice User Slice of vagrant.
         Starting User Manager for UID 1000...
[[0;32m  OK  [0m] Started Session 1 of user vagrant.

Ubuntu 18.04.6 LTS ubuntu-bionic ttyS0

ubuntu-bionic login: [   33.975167] cloud-init[1400]: Cloud-init v. 21.3-1-g6803368d-0ubuntu1~18.04.4 running 'modules:config' at Wed, 08 Dec 2021 20:51:18 +0000. Up 31.24 seconds.
ci-info: no authorized SSH keys fingerprints found for user ubuntu.
<14>Dec  8 20:51:21 cloud-init: #############################################################
<14>Dec  8 20:51:21 cloud-init: -----BEGIN SSH HOST KEY FINGERPRINTS-----
<14>Dec  8 20:51:21 cloud-init: 1024 SHA256:xeku/DnL4R2GBmsOGHpoIAJlsfxbHYg/r0QMX2C60wk root@ubuntu-bionic (DSA)
<14>Dec  8 20:51:21 cloud-init: 256 SHA256:h2lrOSstb0XM5BWD9/A/KTYIJJtY1C1nlOCqt/6cLhg root@ubuntu-bionic (ECDSA)
<14>Dec  8 20:51:21 cloud-init: 256 SHA256:i15sEImh3+3nXA1fez14V6KmjA8AWAw0JYx4AISLIfo root@ubuntu-bionic (ED25519)
<14>Dec  8 20:51:21 cloud-init: 2048 SHA256:2pXokAECVLMt83i2qyG32zJEgzwlJh5GGOqZNQcSFuw root@ubuntu-bionic (RSA)
<14>Dec  8 20:51:21 cloud-init: -----END SSH HOST KEY FINGERPRINTS-----
<14>Dec  8 20:51:21 cloud-init: #############################################################
-----BEGIN SSH HOST KEY KEYS-----
ecdsa-sha2-nistp256 AAAAE2VjZHNhLXNoYTItbmlzdHAyNTYAAAAIbmlzdHAyNTYAAABBBOOlVCMB0BKrgNQo+MS7NaZRXNE0pkITNhRk5K3UDwpCEL5uXz+yGFv3fW9FEAd+vGVV/kRzIxwhSNn2ryMSmmk= root@ubuntu-bionic
ssh-ed25519 AAAAC3NzaC1lZDI1NTE5AAAAIDzlI5JzbhwSNWy32yJaXyyutYtAmvXWJXN49B06CwNs root@ubuntu-bionic
ssh-rsa AAAAB3NzaC1yc2EAAAADAQABAAABAQC09C1QwiTbYnR0W8N2ptVWpeAXTd7F95O6zA5ZS+kP+jLw+ANxQqAnRxk5WUM2BiEFbA5y8wuNIPEx6CRVaxEcQjc/B/pPrCI7f6bi5tzZPcFG969qlBGKyY5VcFocOF6lX8PfH+9xh9PaTanCFml7jUPISKXl4XNH6bNH7f5Ea0ATm1FBbj/7QSzdMDfoXrUItFnwJuzf0NrQslPMnPfrOQjo0cjyVugESF4BfH+8rd2AwA82AA+YE70fx5/Qp92EPGVU+DcHMa3bnA1zOIKx/6wyuAyIkbSeV49yiWkmeqbsiyY2/XO6JSGMSH/g1eizPWc9BIe5LgT7++2B87aP root@ubuntu-bionic
-----END SSH HOST KEY KEYS-----
[   34.625512] cloud-init[1582]: Cloud-init v. 21.3-1-g6803368d-0ubuntu1~18.04.4 running 'modules:final' at Wed, 08 Dec 2021 20:51:21 +0000. Up 34.35 seconds.
[   34.625852] cloud-init[1582]: ci-info: no authorized SSH keys fingerprints found for user ubuntu.
[   34.626101] cloud-init[1582]: Cloud-init v. 21.3-1-g6803368d-0ubuntu1~18.04.4 finished at Wed, 08 Dec 2021 20:51:21 +0000. Datasource DataSourceNoCloud [seed=/dev/sdb][dsmode=net].  Up 34.61 seconds
