[    0.000000] Linux version 4.15.0-162-generic (buildd@lcy01-amd64-007) (gcc version 7.5.0 (Ubuntu 7.5.0-3ubuntu1~18.04)) #170-Ubuntu SMP Mon Oct 18 11:38:05 UTC 2021 (Ubuntu 4.15.0-162.170-generic 4.15.18)
[    0.000000] Command line: BOOT_IMAGE=/boot/vmlinuz-4.15.0-162-generic root=LABEL=cloudimg-rootfs ro console=tty1 console=ttyS0
[    0.000000] KERNEL supported cpus:
[    0.000000]   Intel GenuineIntel
[    0.000000]   AMD AuthenticAMD
[    0.000000]   Centaur CentaurHauls
[    0.000000] x86/fpu: Supporting XSAVE feature 0x001: 'x87 floating point registers'
[    0.000000] x86/fpu: Supporting XSAVE feature 0x002: 'SSE registers'
[    0.000000] x86/fpu: Supporting XSAVE feature 0x004: 'AVX registers'
[    0.000000] x86/fpu: xstate_offset[2]:  576, xstate_sizes[2]:  256
[    0.000000] x86/fpu: Enabled xstate features 0x7, context size is 832 bytes, using 'standard' format.
[    0.000000] e820: BIOS-provided physical RAM map:
[    0.000000] BIOS-e820: [mem 0x0000000000000000-0x000000000009fbff] usable
[    0.000000] BIOS-e820: [mem 0x000000000009fc00-0x000000000009ffff] reserved
[    0.000000] BIOS-e820: [mem 0x00000000000f0000-0x00000000000fffff] reserved
[    0.000000] BIOS-e820: [mem 0x0000000000100000-0x000000007ffeffff] usable
[    0.000000] BIOS-e820: [mem 0x000000007fff0000-0x000000007fffffff] ACPI data
[    0.000000] BIOS-e820: [mem 0x00000000fec00000-0x00000000fec00fff] reserved
[    0.000000] BIOS-e820: [mem 0x00000000fee00000-0x00000000fee00fff] reserved
[    0.000000] BIOS-e820: [mem 0x00000000fffc0000-0x00000000ffffffff] reserved
[    0.000000] NX (Execute Disable) protection: active
[    0.000000] SMBIOS 2.5 present.
[    0.000000] DMI: innotek GmbH VirtualBox/VirtualBox, BIOS VirtualBox 12/01/2006
[    0.000000] Hypervisor detected: KVM
[    0.000000] e820: last_pfn = 0x7fff0 max_arch_pfn = 0x400000000
[    0.000000] MTRR: Disabled
[    0.000000] x86/PAT: MTRRs disabled, skipping PAT initialization too.
[    0.000000] CPU MTRRs all blank - virtualized system.
[    0.000000] x86/PAT: Configuration [0-7]: WB  WT  UC- UC  WB  WT  UC- UC  
[    0.000000] found SMP MP-table at [mem 0x0009fff0-0x0009ffff]
[    0.000000] Scanning 1 areas for low memory corruption
[    0.000000] RAMDISK: [mem 0x359cd000-0x36cddfff]
[    0.000000] ACPI: Early table checksum verification disabled
[    0.000000] ACPI: RSDP 0x00000000000E0000 000024 (v02 VBOX  )
[    0.000000] ACPI: XSDT 0x000000007FFF0030 00003C (v01 VBOX   VBOXXSDT 00000001 ASL  00000061)
[    0.000000] ACPI: FACP 0x000000007FFF00F0 0000F4 (v04 VBOX   VBOXFACP 00000001 ASL  00000061)
[    0.000000] ACPI: DSDT 0x000000007FFF0470 002325 (v02 VBOX   VBOXBIOS 00000002 INTL 20200925)
[    0.000000] ACPI: FACS 0x000000007FFF0200 000040
[    0.000000] ACPI: FACS 0x000000007FFF0200 000040
[    0.000000] ACPI: APIC 0x000000007FFF0240 00005C (v02 VBOX   VBOXAPIC 00000001 ASL  00000061)
[    0.000000] ACPI: SSDT 0x000000007FFF02A0 0001CC (v01 VBOX   VBOXCPUT 00000002 INTL 20200925)
[    0.000000] ACPI: Reserving FACP table memory at [mem 0x7fff00f0-0x7fff01e3]
[    0.000000] ACPI: Reserving DSDT table memory at [mem 0x7fff0470-0x7fff2794]
[    0.000000] ACPI: Reserving FACS table memory at [mem 0x7fff0200-0x7fff023f]
[    0.000000] ACPI: Reserving FACS table memory at [mem 0x7fff0200-0x7fff023f]
[    0.000000] ACPI: Reserving APIC table memory at [mem 0x7fff0240-0x7fff029b]
[    0.000000] ACPI: Reserving SSDT table memory at [mem 0x7fff02a0-0x7fff046b]
[    0.000000] No NUMA configuration found
[    0.000000] Faking a node at [mem 0x0000000000000000-0x000000007ffeffff]
[    0.000000] NODE_DATA(0) allocated [mem 0x7ffc5000-0x7ffeffff]
[    0.000000] kvm-clock: cpu 0, msr 0:7ff44001, primary cpu clock
[    0.000000] kvm-clock: Using msrs 4b564d01 and 4b564d00
[    0.000000] kvm-clock: using sched offset of 5010715868 cycles
[    0.000000] clocksource: kvm-clock: mask: 0xffffffffffffffff max_cycles: 0x1cd42e4dffb, max_idle_ns: 881590591483 ns
[    0.000000] Zone ranges:
[    0.000000]   DMA      [mem 0x0000000000001000-0x0000000000ffffff]
[    0.000000]   DMA32    [mem 0x0000000001000000-0x000000007ffeffff]
[    0.000000]   Normal   empty
[    0.000000]   Device   empty
[    0.000000] Movable zone start for each node
[    0.000000] Early memory node ranges
[    0.000000]   node   0: [mem 0x0000000000001000-0x000000000009efff]
[    0.000000]   node   0: [mem 0x0000000000100000-0x000000007ffeffff]
[    0.000000] Reserved but unavailable: 104 pages
[    0.000000] Initmem setup node 0 [mem 0x0000000000001000-0x000000007ffeffff]
[    0.000000] ACPI: PM-Timer IO Port: 0x4008
[    0.000000] IOAPIC[0]: apic_id 2, version 32, address 0xfec00000, GSI 0-23
[    0.000000] ACPI: INT_SRC_OVR (bus 0 bus_irq 0 global_irq 2 dfl dfl)
[    0.000000] ACPI: INT_SRC_OVR (bus 0 bus_irq 9 global_irq 9 low level)
[    0.000000] Using ACPI (MADT) for SMP configuration information
[    0.000000] smpboot: Allowing 2 CPUs, 0 hotplug CPUs
[    0.000000] PM: Registered nosave memory: [mem 0x00000000-0x00000fff]
[    0.000000] PM: Registered nosave memory: [mem 0x0009f000-0x0009ffff]
[    0.000000] PM: Registered nosave memory: [mem 0x000a0000-0x000effff]
[    0.000000] PM: Registered nosave memory: [mem 0x000f0000-0x000fffff]
[    0.000000] e820: [mem 0x80000000-0xfebfffff] available for PCI devices
[    0.000000] Booting paravirtualized kernel on KVM
[    0.000000] clocksource: refined-jiffies: mask: 0xffffffff max_cycles: 0xffffffff, max_idle_ns: 7645519600211568 ns
[    0.000000] random: get_random_bytes called from start_kernel+0x99/0x500 with crng_init=0
[    0.000000] setup_percpu: NR_CPUS:8192 nr_cpumask_bits:2 nr_cpu_ids:2 nr_node_ids:1
[    0.000000] percpu: Embedded 45 pages/cpu s147456 r8192 d28672 u1048576
[    0.000000] PV qspinlock hash table entries: 256 (order: 0, 4096 bytes)
[    0.000000] Built 1 zonelists, mobility grouping on.  Total pages: 515961
[    0.000000] Policy zone: DMA32
[    0.000000] Kernel command line: BOOT_IMAGE=/boot/vmlinuz-4.15.0-162-generic root=LABEL=cloudimg-rootfs ro console=tty1 console=ttyS0
[    0.000000] Memory: 2014904K/2096696K available (12300K kernel code, 2483K rwdata, 4320K rodata, 2448K init, 2724K bss, 81792K reserved, 0K cma-reserved)
[    0.000000] SLUB: HWalign=64, Order=0-3, MinObjects=0, CPUs=2, Nodes=1
[    0.000000] Kernel/User page tables isolation: enabled
[    0.000000] ftrace: allocating 39475 entries in 155 pages
[    0.004000] Hierarchical RCU implementation.
[    0.004000] 	RCU restricting CPUs from NR_CPUS=8192 to nr_cpu_ids=2.
[    0.004000] 	Tasks RCU enabled.
[    0.004000] RCU: Adjusting geometry for rcu_fanout_leaf=16, nr_cpu_ids=2
[    0.004000] NR_IRQS: 524544, nr_irqs: 440, preallocated irqs: 16
[    0.004000] Console: colour VGA+ 80x25
[    0.004000] console [tty1] enabled
[    0.004000] console [ttyS0] enabled
[    0.004000] ACPI: Core revision 20170831
[    0.004000] ACPI: 2 ACPI AML tables successfully acquired and loaded
[    0.004000] APIC: Switch to symmetric I/O mode setup
[    0.004000] x2apic enabled
[    0.004000] Switched APIC routing to physical x2apic.
[    0.004000] ..TIMER: vector=0x30 apic1=0 pin1=2 apic2=-1 pin2=-1
[    0.004000] tsc: Detected 1800.001 MHz processor
[    0.004011] Calibrating delay loop (skipped) preset value.. 3600.00 BogoMIPS (lpj=7200004)
[    0.005112] pid_max: default: 32768 minimum: 301
[    0.005776] Security Framework initialized
[    0.006342] Yama: becoming mindful.
[    0.006867] AppArmor: AppArmor initialized
[    0.008697] Dentry cache hash table entries: 262144 (order: 9, 2097152 bytes)
[    0.010199] Inode-cache hash table entries: 131072 (order: 8, 1048576 bytes)
[    0.011170] Mount-cache hash table entries: 4096 (order: 3, 32768 bytes)
[    0.012000] Mountpoint-cache hash table entries: 4096 (order: 3, 32768 bytes)
[    0.012242] Last level iTLB entries: 4KB 64, 2MB 8, 4MB 8
[    0.012992] Last level dTLB entries: 4KB 64, 2MB 0, 4MB 0, 1GB 4
[    0.013794] Spectre V1 : Mitigation: usercopy/swapgs barriers and __user pointer sanitization
[    0.014941] Spectre V2 : Mitigation: Full generic retpoline
[    0.016004] Spectre V2 : Spectre v2 / SpectreRSB mitigation: Filling RSB on context switch
[    0.017109] Speculative Store Bypass: Vulnerable
[    0.017781] SRBDS: Unknown: Dependent on hypervisor status
[    0.018529] MDS: Mitigation: Clear CPU buffers
[    0.019377] Freeing SMP alternatives memory: 36K
[    0.133127] smpboot: CPU0: Intel(R) Core(TM) i5-8265U CPU @ 1.60GHz (family: 0x6, model: 0x8e, stepping: 0xc)
[    0.134716] Performance Events: unsupported p6 CPU model 142 no PMU driver, software events only.
[    0.136000] Hierarchical SRCU implementation.
[    0.136183] NMI watchdog: Perf event create on CPU 0 failed with -2
[    0.137179] NMI watchdog: Perf NMI watchdog permanently disabled
[    0.138083] smp: Bringing up secondary CPUs ...
[    0.138807] x86: Booting SMP configuration:
[    0.139412] .... node  #0, CPUs:      #1
[    0.004000] kvm-clock: cpu 1, msr 0:7ff44041, secondary cpu clock
[    0.142853] smp: Brought up 1 node, 2 CPUs
[    0.142853] smpboot: Max logical packages: 1
[    0.144006] smpboot: Total of 2 processors activated (7200.00 BogoMIPS)
[    0.145020] devtmpfs: initialized
[    0.145020] x86/mm: Memory block size: 128MB
[    0.145343] evm: security.selinux
[    0.145838] evm: security.SMACK64
[    0.146339] evm: security.SMACK64EXEC
[    0.147777] evm: security.SMACK64TRANSMUTE
[    0.148000] evm: security.SMACK64MMAP
[    0.148003] evm: security.apparmor
[    0.152004] evm: security.ima
[    0.152457] evm: security.capability
[    0.153032] clocksource: jiffies: mask: 0xffffffff max_cycles: 0xffffffff, max_idle_ns: 7645041785100000 ns
[    0.153377] futex hash table entries: 512 (order: 3, 32768 bytes)
[    0.154259] pinctrl core: initialized pinctrl subsystem
[    0.156102] RTC time: 19:30:25, date: 12/08/21
[    0.156833] NET: Registered protocol family 16
[    0.157531] audit: initializing netlink subsys (disabled)
[    0.158327] audit: type=2000 audit(1638991831.690:1): state=initialized audit_enabled=0 res=1
[    0.160011] cpuidle: using governor ladder
[    0.160679] cpuidle: using governor menu
[    0.161352] ACPI: bus type PCI registered
[    0.162002] acpiphp: ACPI Hot Plug PCI Controller Driver version: 0.5
[    0.163112] PCI: Using configuration type 1 for base access
[    0.164779] HugeTLB registered 2.00 MiB page size, pre-allocated 0 pages
[    0.165111] ACPI: Added _OSI(Module Device)
[    0.165111] ACPI: Added _OSI(Processor Device)
[    0.168011] ACPI: Added _OSI(3.0 _SCP Extensions)
[    0.168762] ACPI: Added _OSI(Processor Aggregator Device)
[    0.169612] ACPI: Added _OSI(Linux-Dell-Video)
[    0.170322] ACPI: Added _OSI(Linux-Lenovo-NV-HDMI-Audio)
[    0.171169] ACPI: Added _OSI(Linux-HPI-Hybrid-Graphics)
[    0.172227] ACPI: Executed 1 blocks of module-level executable AML code
[    0.176142] ACPI: Interpreter enabled
[    0.176754] ACPI: (supports S0 S5)
[    0.177331] ACPI: Using IOAPIC for interrupt routing
[    0.178299] PCI: Using host bridge windows from ACPI; if necessary, use "pci=nocrs" and report a bug
[    0.179852] ACPI: Enabled 2 GPEs in block 00 to 07
[    0.185262] ACPI: PCI Root Bridge [PCI0] (domain 0000 [bus 00-ff])
[    0.186266] acpi PNP0A03:00: _OSC: OS supports [ASPM ClockPM Segments MSI]
[    0.187731] acpi PNP0A03:00: _OSC: not requesting OS control; OS requires [ExtendedConfig ASPM ClockPM MSI]
[    0.188021] acpi PNP0A03:00: fail to add MMCONFIG information, can't access extended PCI configuration space under this bridge.
[    0.189983] PCI host bridge to bus 0000:00
[    0.190588] pci_bus 0000:00: root bus resource [io  0x0000-0x0cf7 window]
[    0.192006] pci_bus 0000:00: root bus resource [io  0x0d00-0xffff window]
[    0.193440] pci_bus 0000:00: root bus resource [mem 0x000a0000-0x000bffff window]
[    0.195044] pci_bus 0000:00: root bus resource [mem 0x80000000-0xfdffffff window]
[    0.196009] pci_bus 0000:00: root bus resource [bus 00-ff]
[    0.198545] pci 0000:00:01.1: legacy IDE quirk: reg 0x10: [io  0x01f0-0x01f7]
[    0.200006] pci 0000:00:01.1: legacy IDE quirk: reg 0x14: [io  0x03f6]
[    0.200936] pci 0000:00:01.1: legacy IDE quirk: reg 0x18: [io  0x0170-0x0177]
[    0.201915] pci 0000:00:01.1: legacy IDE quirk: reg 0x1c: [io  0x0376]
[    0.225325] pci 0000:00:07.0: quirk: [io  0x4000-0x403f] claimed by PIIX4 ACPI
[    0.226464] pci 0000:00:07.0: quirk: [io  0x4100-0x410f] claimed by PIIX4 SMB
[    0.244828] ACPI: PCI Interrupt Link [LNKA] (IRQs 5 9 10 *11)
[    0.246231] ACPI: PCI Interrupt Link [LNKB] (IRQs 5 9 *10 11)
[    0.247409] ACPI: PCI Interrupt Link [LNKC] (IRQs 5 *9 10 11)
[    0.248103] ACPI: PCI Interrupt Link [LNKD] (IRQs 5 9 10 *11)
[    0.249176] SCSI subsystem initialized
[    0.249753] pci 0000:00:02.0: vgaarb: setting as boot VGA device
[    0.249753] pci 0000:00:02.0: vgaarb: VGA device added: decodes=io+mem,owns=io+mem,locks=none
[    0.252023] pci 0000:00:02.0: vgaarb: bridge control possible
[    0.253005] vgaarb: loaded
[    0.253603] ACPI: bus type USB registered
[    0.254372] usbcore: registered new interface driver usbfs
[    0.256019] usbcore: registered new interface driver hub
[    0.256863] usbcore: registered new device driver usb
[    0.257862] EDAC MC: Ver: 3.0.0
[    0.257862] PCI: Using ACPI for IRQ routing
[    0.260022] NetLabel: Initializing
[    0.260516] NetLabel:  domain hash size = 128
[    0.261113] NetLabel:  protocols = UNLABELED CIPSOv4 CALIPSO
[    0.261876] NetLabel:  unlabeled traffic allowed by default
[    0.262629] clocksource: Switched to clocksource kvm-clock
[    0.270495] VFS: Disk quotas dquot_6.6.0
[    0.271193] VFS: Dquot-cache hash table entries: 512 (order 0, 4096 bytes)
[    0.272090] AppArmor: AppArmor Filesystem Enabled
[    0.272877] pnp: PnP ACPI init
[    0.274975] pnp: PnP ACPI: found 3 devices
[    0.284273] clocksource: acpi_pm: mask: 0xffffff max_cycles: 0xffffff, max_idle_ns: 2085701024 ns
[    0.285692] NET: Registered protocol family 2
[    0.286472] IP idents hash table entries: 32768 (order: 6, 262144 bytes)
[    0.287877] TCP established hash table entries: 16384 (order: 5, 131072 bytes)
[    0.289060] TCP bind hash table entries: 16384 (order: 6, 262144 bytes)
[    0.290685] TCP: Hash tables configured (established 16384 bind 16384)
[    0.291764] UDP hash table entries: 1024 (order: 3, 32768 bytes)
[    0.292765] UDP-Lite hash table entries: 1024 (order: 3, 32768 bytes)
[    0.294203] NET: Registered protocol family 1
[    0.294939] pci 0000:00:00.0: Limiting direct PCI/PCI transfers
[    0.296017] pci 0000:00:01.0: Activating ISA DMA hang workarounds
[    0.297183] pci 0000:00:02.0: Video device with shadowed ROM at [mem 0x000c0000-0x000dffff]
[    0.298822] Unpacking initramfs...
[    0.560834] Freeing initrd memory: 19524K
[    0.561639] clocksource: tsc: mask: 0xffffffffffffffff max_cycles: 0x19f22aa45f0, max_idle_ns: 440795269146 ns
[    0.563137] platform rtc_cmos: registered platform RTC device (no PNP device found)
[    0.564291] Scanning for low memory corruption every 60 seconds
[    0.565669] Initialise system trusted keyrings
[    0.566403] Key type blacklist registered
[    0.567076] workingset: timestamp_bits=36 max_order=19 bucket_order=0
[    0.569132] zbud: loaded
[    0.570018] squashfs: version 4.0 (2009/01/31) Phillip Lougher
[    0.570972] fuse init (API version 7.26)
[    0.573013] Key type asymmetric registered
[    0.573607] Asymmetric key parser 'x509' registered
[    0.574381] Block layer SCSI generic (bsg) driver version 0.4 loaded (major 246)
[    0.575490] io scheduler noop registered
[    0.576072] io scheduler deadline registered
[    0.576712] io scheduler cfq registered (default)
[    0.577621] ACPI: AC Adapter [AC] (on-line)
[    0.578242] input: Power Button as /devices/LNXSYSTM:00/LNXPWRBN:00/input/input0
[    0.579275] ACPI: Power Button [PWRF]
[    0.579842] input: Sleep Button as /devices/LNXSYSTM:00/LNXSLPBN:00/input/input1
[    0.580923] ACPI: Sleep Button [SLPF]
[    0.582383] ACPI: Battery Slot [BAT0] (battery present)
[    0.583310] Serial: 8250/16550 driver, 32 ports, IRQ sharing enabled
[    0.604999] 00:02: ttyS0 at I/O 0x3f8 (irq = 4, base_baud = 115200) is a 16550A
[    0.607856] Linux agpgart interface v0.103
[    0.609637] loop: module loaded
[    0.611563] scsi host0: ata_piix
[    0.612950] scsi host1: ata_piix
[    0.613586] ata1: PATA max UDMA/33 cmd 0x1f0 ctl 0x3f6 bmdma 0xd000 irq 14
[    0.614517] ata2: PATA max UDMA/33 cmd 0x170 ctl 0x376 bmdma 0xd008 irq 15
[    0.615627] libphy: Fixed MDIO Bus: probed
[    0.616331] tun: Universal TUN/TAP device driver, 1.6
[    0.617263] PPP generic driver version 2.4.2
[    0.618036] ehci_hcd: USB 2.0 'Enhanced' Host Controller (EHCI) Driver
[    0.618992] ehci-pci: EHCI PCI platform driver
[    0.619773] ehci-platform: EHCI generic platform driver
[    0.620658] ohci_hcd: USB 1.1 'Open' Host Controller (OHCI) Driver
[    0.621638] ohci-pci: OHCI PCI platform driver
[    0.622807] ohci-platform: OHCI generic platform driver
[    0.623559] uhci_hcd: USB Universal Host Controller Interface driver
[    0.624615] i8042: PNP: PS/2 Controller [PNP0303:PS2K,PNP0f03:PS2M] at 0x60,0x64 irq 1,12
[    0.626978] serio: i8042 KBD port at 0x60,0x64 irq 1
[    0.627683] serio: i8042 AUX port at 0x60,0x64 irq 12
[    0.628551] mousedev: PS/2 mouse device common for all mice
[    0.629898] input: AT Translated Set 2 keyboard as /devices/platform/i8042/serio0/input/input2
[    0.631144] rtc_cmos rtc_cmos: rtc core: registered rtc_cmos as rtc0
[    0.632201] rtc_cmos rtc_cmos: alarms up to one day, 114 bytes nvram
[    0.633172] i2c /dev entries driver
[    0.633784] device-mapper: uevent: version 1.0.3
[    0.634547] device-mapper: ioctl: 4.37.0-ioctl (2017-09-20) initialised: dm-devel@redhat.com
[    0.635723] ledtrig-cpu: registered to indicate activity on CPUs
[    0.636864] NET: Registered protocol family 10
[    0.640159] Segment Routing with IPv6
[    0.640736] NET: Registered protocol family 17
[    0.641430] Key type dns_resolver registered
[    0.642284] mce: Using 0 MCE banks
[    0.642816] RAS: Correctable Errors collector initialized.
[    0.643587] sched_clock: Marking stable (642246896, 0)->(782490727, -140243831)
[    0.644946] registered taskstats version 1
[    0.645562] Loading compiled-in X.509 certificates
[    0.648151] Loaded X.509 cert 'Build time autogenerated kernel key: ebed311aedd59d9a851620769f4a146e4e1d43c6'
[    0.649994] Loaded X.509 cert 'Canonical Ltd. Live Patch Signing: 14df34d1a87cf37625abec039ef2bf521249b969'
[    0.651777] Loaded X.509 cert 'Canonical Ltd. Kernel Module Signing: 88f752e560a1e0737e31163a466ad7b70a850c19'
[    0.653157] zswap: loaded using pool lzo/zbud
[    0.656523] Key type big_key registered
[    0.657131] Key type trusted registered
[    0.659153] Key type encrypted registered
[    0.659909] AppArmor: AppArmor sha1 policy hashing enabled
[    0.660805] ima: No TPM chip found, activating TPM-bypass! (rc=-19)
[    0.661669] ima: Allocated hash algorithm: sha1
[    0.662337] evm: HMAC attrs: 0x1
[    0.663038]   Magic number: 1:133:546
[    0.663650] tty ttyS22: hash matches
[    0.664238] mem null: hash matches
[    0.664891] rtc_cmos rtc_cmos: setting system clock to 2021-12-08 19:30:25 UTC (1638991825)
[    0.666264] BIOS EDD facility v0.16 2004-Jun-25, 0 devices found
[    0.667228] EDD information not available.
[    0.806208] Freeing unused kernel image memory: 2448K
[    0.820271] Write protecting the kernel read-only data: 20480k
[    0.824949] Freeing unused kernel image memory: 2008K
[    0.828371] Freeing unused kernel image memory: 1824K
[    0.850332] x86/mm: Checked W+X mappings: passed, no W+X pages found.
[    0.851900] x86/mm: Checking user space page tables
[    0.865003] x86/mm: Checked W+X mappings: passed, no W+X pages found.
Loading, please wait...
starting version 237
[    0.923588] e1000: Intel(R) PRO/1000 Network Driver - version 7.3.21-k8-NAPI
[    0.924682] e1000: Copyright (c) 1999-2006 Intel Corporation.
[    0.929726] Fusion MPT base driver 3.04.20
[    0.930369] Copyright (c) 1999-2008 LSI Corporation
[    0.948641] AVX2 version of gcm_enc/dec engaged.
[    0.949670] AES CTR mode by8 optimization enabled
[    0.951718] Fusion MPT SPI Host driver 3.04.20
[    1.139821] input: ImExPS/2 Generic Explorer Mouse as /devices/platform/i8042/serio1/input/input4
[    1.295126] e1000 0000:00:03.0 eth0: (PCI:33MHz:32-bit) 02:75:2e:1a:60:96
[    1.296519] e1000 0000:00:03.0 eth0: Intel(R) PRO/1000 Network Connection
[    1.298795] mptbase: ioc0: Initiating bringup
[    1.392335] ioc0: LSI53C1030 A0: Capabilities={Initiator}
[    1.640646] scsi host2: ioc0: LSI53C1030 A0, FwRev=00000000h, Ports=1, MaxQ=256, IRQ=20
[    1.814606] scsi 2:0:0:0: Direct-Access     VBOX     HARDDISK         1.0  PQ: 0 ANSI: 5
[    1.863083] scsi target2:0:0: Beginning Domain Validation
[    1.873679] scsi target2:0:0: Domain Validation skipping write tests
[    1.879137] scsi target2:0:0: Ending Domain Validation
[    1.883940] scsi target2:0:0: asynchronous
[    1.889016] scsi 2:0:1:0: Direct-Access     VBOX     HARDDISK         1.0  PQ: 0 ANSI: 5
[    2.182132] scsi target2:0:1: Beginning Domain Validation
[    2.183756] random: fast init done
[    2.184587] scsi target2:0:1: Domain Validation skipping write tests
[    2.185521] scsi target2:0:1: Ending Domain Validation
[    2.186319] scsi target2:0:1: asynchronous
[    2.189320] random: systemd-udevd: uninitialized urandom read (16 bytes read)
[    2.190363] random: systemd-udevd: uninitialized urandom read (16 bytes read)
[    2.191913] random: systemd-udevd: uninitialized urandom read (16 bytes read)
[    2.193198] sd 2:0:0:0: Attached scsi generic sg0 type 0
[    2.194457] sd 2:0:1:0: Attached scsi generic sg1 type 0
[    2.195639] sd 2:0:0:0: [sda] 83886080 512-byte logical blocks: (42.9 GB/40.0 GiB)
[    2.197267] sd 2:0:0:0: [sda] Write Protect is off
[    2.198456] sd 2:0:0:0: [sda] Incomplete mode parameter data
[    2.199463] sd 2:0:0:0: [sda] Assuming drive cache: write through
[    2.201575]  sda: sda1
[    2.202475] sd 2:0:0:0: [sda] Attached SCSI disk
[    2.204994] sd 2:0:1:0: [sdb] 20480 512-byte logical blocks: (10.5 MB/10.0 MiB)
[    2.206171] e1000 0000:00:08.0 eth1: (PCI:33MHz:32-bit) 08:00:27:aa:20:9b
[    2.207158] e1000 0000:00:08.0 eth1: Intel(R) PRO/1000 Network Connection
[    2.208170] sd 2:0:1:0: [sdb] Write Protect is off
[    2.209090] sd 2:0:1:0: [sdb] Incomplete mode parameter data
[    2.209903] sd 2:0:1:0: [sdb] Assuming drive cache: write through
[    2.211589] e1000 0000:00:08.0 enp0s8: renamed from eth1
[    2.229651] sd 2:0:1:0: [sdb] Attached SCSI disk
[    2.241432] e1000 0000:00:03.0 enp0s3: renamed from eth0
Begin: Loading essential drivers ... [    3.777450] raid6: sse2x1   gen() 12037 MB/s
[    3.838102] raid6: sse2x1   xor()  9420 MB/s
[    3.884688] raid6: sse2x2   gen() 14996 MB/s
[    3.932126] raid6: sse2x2   xor()  6585 MB/s
[    3.995691] raid6: sse2x4   gen() 20272 MB/s
[    4.056520] raid6: sse2x4   xor() 12371 MB/s
[    4.109296] raid6: avx2x1   gen() 27314 MB/s
[    4.168952] raid6: avx2x1   xor() 18528 MB/s
[    4.229126] raid6: avx2x2   gen() 36545 MB/s
[    4.280833] raid6: avx2x2   xor() 20194 MB/s
[    4.328656] raid6: avx2x4   gen() 31624 MB/s
[    4.376015] raid6: avx2x4   xor() 19135 MB/s
[    4.376799] raid6: using algorithm avx2x2 gen() 36545 MB/s
[    4.377609] raid6: .... xor() 20194 MB/s, rmw enabled
[    4.378318] raid6: using avx2x2 recovery algorithm
[    4.379876] xor: automatically using best checksumming function   avx       
[    4.381628] async_tx: api initialized (async)
done.
Begin: Running /scripts/init-premount ... done.
Begin: Mounting root file system ... Begin: Running /scripts/local-top ... done.
Begin: Running /scripts/local-premount ... [    4.421227] Btrfs loaded, crc32c=crc32c-intel
Scanning for Btrfs filesystems
done.
Warning: fsck not present, so skipping root file system
[    4.564077] EXT4-fs (sda1): mounted filesystem with ordered data mode. Opts: (null)
done.
Begin: Running /scripts/local-bottom ... done.
Begin: Running /scripts/init-bottom ... done.
[    6.236997] random: crng init done
[    6.239536] random: 7 urandom warning(s) missed due to ratelimiting
[    6.274099] ip_tables: (C) 2000-2006 Netfilter Core Team
[    6.374411] systemd[1]: systemd 237 running in system mode. (+PAM +AUDIT +SELINUX +IMA +APPARMOR +SMACK +SYSVINIT +UTMP +LIBCRYPTSETUP +GCRYPT +GNUTLS +ACL +XZ +LZ4 +SECCOMP +BLKID +ELFUTILS +KMOD -IDN2 +IDN -PCRE2 default-hierarchy=hybrid)
[    6.388564] systemd[1]: Detected virtualization oracle.
[    6.391959] systemd[1]: Detected architecture x86-64.

Welcome to [1mUbuntu 18.04.6 LTS[0m!

[    6.456407] systemd[1]: Set hostname to <ansible-server>.
[    8.635055] systemd[1]: Created slice User and Session Slice.
[[0;32m  OK  [0m] Created slice User and Session Slice.
[    8.637902] systemd[1]: Reached target Swap.
[[0;32m  OK  [0m] Reached target Swap.
[    8.640594] systemd[1]: Set up automount Arbitrary Executable File Formats File System Automount Point.
[[0;32m  OK  [0m] Set up automount Arbitrary Executabâ€¦rmats File System Automount Point.
[    8.645426] systemd[1]: Reached target System Time Synchronized.
[[0;32m  OK  [0m] Reached target System Time Synchronized.
[    8.648747] systemd[1]: Started Forward Password Requests to Wall Directory Watch.
[[0;32m  OK  [0m] Started Forward Password Requests to Wall Directory Watch.
[    8.652036] systemd[1]: Reached target User and Group Name Lookups.
[[0;32m  OK  [0m] Reached target User and Group Name Lookups.
[[0;32m  OK  [0m] Created slice System Slice.
[[0;32m  OK  [0m] Listening on Journal Socket (/dev/log).
[[0;32m  OK  [0m] Listening on Device-mapper event daemon FIFOs.
[[0;32m  OK  [0m] Listening on Journal Audit Socket.
[[0;32m  OK  [0m] Listening on /dev/initctl Compatibility Named Pipe.
[[0;32m  OK  [0m] Listening on LVM2 metadata daemon socket.
[[0;32m  OK  [0m] Listening on fsck to fsckd communication Socket.
[[0;32m  OK  [0m] Listening on udev Control Socket.
[[0;32m  OK  [0m] Listening on udev Kernel Socket.
[[0;32m  OK  [0m] Listening on LVM2 poll daemon socket.
[[0;32m  OK  [0m] Listening on Journal Socket.
         Mounting POSIX Message Queue File System...
         Starting udev Coldplug all Devices...
         Mounting Huge Pages File System...
         Mounting Kernel Debug File System...
         Starting File System Check on Root Device...
         Starting Create list of required stâ€¦ce nodes for the current kernel...
[[0;32m  OK  [0m] Listening on Network Service Netlink Socket.
         Starting Load Kernel Modules...
[[0;32m  OK  [0m] Created slice system-serial\x2dgetty.slice.
[[0;32m  OK  [0m] Reached target Slices.
         Starting Monitoring of LVM2 mirrorsâ€¦ng dmeventd or progress polling...
         Starting Uncomplicated firewall...
[[0;32m  OK  [0m] Listening on Syslog Socket.
         Starting Journal Service...
         Starting Set the console keyboard layout...
[[0;32m  OK  [0m] Mounted POSIX Message Queue File System.
[[0;32m  OK  [0m] Mounted Huge Pages File System.
[[0;32m  OK  [0m] Mounted Kernel Debug File System.
[[0;32m  OK  [0m] Started Create list of required staâ€¦vice nodes for the current kernel.
[[0;32m  OK  [0m] Started File System Check Daemon to report status.
         Starting Create Static Device Nodes in /dev...
[[0;32m  OK  [0m] Started udev Coldplug all Devices.
[    8.856342] Loading iSCSI transport class v2.0-870.
[    8.886897] iscsi: registered transport (tcp)
[[0;32m  OK  [0m] Started Uncomplicated firewall.
[[0;32m  OK  [0m] Started File System Check on Root Device.
         Starting Remount Root and Kernel File Systems...
[[0;32m  OK  [0m] Started Journal Service.
[    9.343317] iscsi: registered transport (iser)
[[0;32m  OK  [0m] Started Load Kernel Modules.
         Mounting Kernel Configuration File System...
         Starting Apply Kernel Variables...
         Mounting FUSE Control File System...
[[0;32m  OK  [0m] Mounted Kernel Configuration File System.
[[0;32m  OK  [0m] Mounted FUSE Control File System.
[[0;32m  OK  [0m] Started Create Static Device Nodes in /dev.
[[0;32m  OK  [0m] Started LVM2 metadata daemon.
[    9.507903] EXT4-fs (sda1): re-mounted. Opts: (null)
[[0;32m  OK  [0m] Started Remount Root and Kernel File Systems.
         Starting Load/Save Random Seed...
         Starting Flush Journal to Persistent Storage...
         Starting udev Kernel Device Manager...
[[0;32m  OK  [0m] Started Set the console keyboard layout.
[[0;32m  OK  [0m] Started Load/Save Random Seed.
[    9.707554] systemd-journald[406]: Received request to flush runtime journal from PID 1
[[0;32m  OK  [0m] Started Monitoring of LVM2 mirrors,â€¦sing dmeventd or progress polling.
[[0;32m  OK  [0m] Reached target Local File Systems (Pre).
[[0;32m  OK  [0m] Reached target Local File Systems.
         Starting AppArmor initialization...
         Starting Set console font and keymap...
         Starting Tell Plymouth To Write Out Runtime Data...
         Starting ebtables ruleset management...
[[0;32m  OK  [0m] Started udev Kernel Device Manager.
[[0;32m  OK  [0m] Started Dispatch Password Requests to Console Directory Watch.
[[0;32m  OK  [0m] Reached target Local Encrypted Volumes.
[[0;32m  OK  [0m] Started Apply Kernel Variables.
[[0;32m  OK  [0m] Started Set console font and keymap.
[[0;32m  OK  [0m] Started Tell Plymouth To Write Out Runtime Data.
[[0;32m  OK  [0m] Found device /dev/ttyS0.
[[0;32m  OK  [0m] Started ebtables ruleset management.
[[0;32m  OK  [0m] Listening on Load/Save RF Kill Switch Status /dev/rfkill Watch.
[[0;32m  OK  [0m] Started AppArmor initialization.
         Starting Load AppArmor profiles managed internally by snapd...
[[0;32m  OK  [0m] Started Load AppArmor profiles managed internally by snapd.
[[0;32m  OK  [0m] Started Flush Journal to Persistent Storage.
         Starting Create Volatile Files and Directories...
[[0;32m  OK  [0m] Started Create Volatile Files and Directories.
         Starting Update UTMP about System Boot/Shutdown...
         Starting Initial cloud-init job (pre-networking)...
[[0;32m  OK  [0m] Started Update UTMP about System Boot/Shutdown.
[   26.202602] cloud-init[635]: Cloud-init v. 21.3-1-g6803368d-0ubuntu1~18.04.4 running 'init-local' at Wed, 08 Dec 2021 19:30:50 +0000. Up 25.36 seconds.
[[0;32m  OK  [0m] Started Initial cloud-init job (pre-networking).
[[0;32m  OK  [0m] Reached target Network (Pre).
         Starting Network Service...
[[0;32m  OK  [0m] Started Network Service.
         Starting Wait for Network to be Configured...
         Starting Network Name Resolution...
[[0;32m  OK  [0m] Started Network Name Resolution.
[[0;32m  OK  [0m] Reached target Network.
[[0;32m  OK  [0m] Reached target Host and Network Name Lookups.
[[0;32m  OK  [0m] Started Wait for Network to be Configured.
         Starting Initial cloud-init job (metadata service crawler)...
[   28.989242] cloud-init[757]: Cloud-init v. 21.3-1-g6803368d-0ubuntu1~18.04.4 running 'init' at Wed, 08 Dec 2021 19:30:53 +0000. Up 28.88 seconds.
[   28.992006] cloud-init[757]: ci-info: ++++++++++++++++++++++++++++++++++++++Net device info+++++++++++++++++++++++++++++++++++++++
[   28.994617] cloud-init[757]: ci-info: +--------+------+-----------------------------+---------------+--------+-------------------+
[   28.996334] cloud-init[757]: ci-info: | Device |  Up  |           Address           |      Mask     | Scope  |     Hw-Address    |
[   28.997873] cloud-init[757]: ci-info: +--------+------+-----------------------------+---------------+--------+-------------------+
[   28.999500] cloud-init[757]: ci-info: | enp0s3 | True |          10.0.2.15          | 255.255.255.0 | global | 02:75:2e:1a:60:96 |
[   29.001137] cloud-init[757]: ci-info: | enp0s3 | True |  fe80::75:2eff:fe1a:6096/64 |       .       |  link  | 02:75:2e:1a:60:96 |
[   29.002695] cloud-init[757]: ci-info: | enp0s8 | True |         10.20.20.100        | 255.255.255.0 | global | 08:00:27:aa:20:9b |
[   29.004301] cloud-init[757]: ci-info: | enp0s8 | True | fe80::a00:27ff:feaa:209b/64 |       .       |  link  | 08:00:27:aa:20:9b |
[   29.005824] cloud-init[757]: ci-info: |   lo   | True |          127.0.0.1          |   255.0.0.0   |  host  |         .         |
[   29.007364] cloud-init[757]: ci-info: |   lo   | True |           ::1/128           |       .       |  host  |         .         |
[   29.009044] cloud-init[757]: ci-info: +--------+------+-----------------------------+---------------+--------+-------------------+
[   29.010681] cloud-init[757]: ci-info: ++++++++++++++++++++++++++++Route IPv4 info+++++++++++++++++++++++++++++
[   29.012135] cloud-init[757]: ci-info: +-------+-------------+----------+-----------------+-----------+-------+
[   29.013511] cloud-init[757]: ci-info: | Route | Destination | Gateway  |     Genmask     | Interface | Flags |
[   29.014870] cloud-init[757]: ci-info: +-------+-------------+----------+-----------------+-----------+-------+
[   29.016259] cloud-init[757]: ci-info: |   0   |   0.0.0.0   | 10.0.2.2 |     0.0.0.0     |   enp0s3  |   UG  |
[   29.017631] cloud-init[757]: ci-info: |   1   |   10.0.2.0  | 0.0.0.0  |  255.255.255.0  |   enp0s3  |   U   |
[   29.019558] cloud-init[757]: ci-info: |   2   |   10.0.2.2  | 0.0.0.0  | 255.255.255.255 |   enp0s3  |   UH  |
[   29.020886] cloud-init[757]: ci-info: |   3   |  10.20.20.0 | 0.0.0.0  |  255.255.255.0  |   enp0s8  |   U   |
[   29.032724] cloud-init[757]: ci-info: +-------+-------------+----------+-----------------+-----------+-------+
[   29.033720] cloud-init[757]: ci-info: +++++++++++++++++++Route IPv6 info+++++++++++++++++++
[   29.034643] cloud-init[757]: ci-info: +-------+-------------+---------+-----------+-------+
[   29.035526] cloud-init[757]: ci-info: | Route | Destination | Gateway | Interface | Flags |
[   29.036424] cloud-init[757]: ci-info: +-------+-------------+---------+-----------+-------+
[   29.037308] cloud-init[757]: ci-info: |   1   |  fe80::/64  |    ::   |   enp0s3  |   U   |
[   29.048417] cloud-init[757]: ci-info: |   2   |  fe80::/64  |    ::   |   enp0s8  |   U   |
[   29.049179] cloud-init[757]: ci-info: |   4   |    local    |    ::   |   enp0s3  |   U   |
[   29.050085] cloud-init[757]: ci-info: |   5   |    local    |    ::   |   enp0s8  |   U   |
[   29.050980] cloud-init[757]: ci-info: |   6   |   ff00::/8  |    ::   |   enp0s3  |   U   |
[   29.051869] cloud-init[757]: ci-info: |   7   |   ff00::/8  |    ::   |   enp0s8  |   U   |
[   29.052827] cloud-init[757]: ci-info: +-------+-------------+---------+-----------+-------+
[[0;32m  OK  [0m] Started Initial cloud-init job (metadata service crawler).
[[0;32m  OK  [0m] Reached target System Initialization.
[[0;32m  OK  [0m] Listening on ACPID Listen Socket.
[[0;32m  OK  [0m] Listening on D-Bus System Message Bus Socket.
         Starting LXD - unix socket.
[[0;32m  OK  [0m] Started Discard unused blocks once a week.
         Starting Socket activation for snappy daemon.
[[0;32m  OK  [0m] Started Daily Cleanup of Temporary Directories.
[[0;32m  OK  [0m] Listening on cloud-init hotplug hook socket.
[[0;32m  OK  [0m] Started Trigger to poll for Ubuntu â€¦(Only enabled on GCP LTS non-pro).
[[0;32m  OK  [0m] Listening on UUID daemon activation socket.
[[0;32m  OK  [0m] Listening on Open-iSCSI iscsid Socket.
[[0;32m  OK  [0m] Started ACPI Events Check.
[[0;32m  OK  [0m] Started Message of the Day.
[[0;32m  OK  [0m] Reached target Paths.
[[0;32m  OK  [0m] Started Daily apt download activities.
[[0;32m  OK  [0m] Started Daily apt upgrade and clean activities.
[[0;32m  OK  [0m] Started Ubuntu Advantage Timer for running repeated jobs.
[[0;32m  OK  [0m] Reached target Timers.
[[0;32m  OK  [0m] Reached target Network is Online.
[[0;32m  OK  [0m] Reached target Remote File Systems (Pre).
         Starting Availability of block devices...
         Mounting /vagrant...
[[0;32m  OK  [0m] Reached target Cloud-config availability.
[[0;32m  OK  [0m] Listening on LXD - unix socket.
[[0;32m  OK  [0m] Listening on Socket activation for snappy daemon.
[[0;32m  OK  [0m] Started Availability of block devices.
[[0;32m  OK  [0m] Reached target Sockets.
[[0;32m  OK  [0m] Reached target Basic System.
         Starting System Logging Service...
         Starting Accounts Service...
         Starting Login Service...
         Starting Dispatcher daemon for systemd-networkd...
[[0;32m  OK  [0m] Started Deferred execution scheduler.
         Starting LSB: Record successful boot for GRUB...
[[0;32m  OK  [0m] Started irqbalance daemon.
         Starting Virtualbox guest utils...
[[0;32m  OK  [0m] Started Regular background program processing daemon.
[[0;32m  OK  [0m] Started D-Bus System Message Bus.
[[0;32m  OK  [0m] Started Login Service.
[[0;32m  OK  [0m] Started Unattended Upgrades Shutdown.
         Starting OpenBSD Secure Shell server...
[[0;32m  OK  [0m] Started FUSE filesystem for LXC.
         Starting Snap Daemon...
         Starting LXD - container startup/shutdown...
[[0;32m  OK  [0m] Started System Logging Service.
[[0;32m  OK  [0m] Mounted /vagrant.
         Starting Authorization Manager...
[[0;32m  OK  [0m] Reached target Remote File Systems.
         Starting LSB: automatic crash report generation...
         Starting Permit User Sessions...
[[0;32m  OK  [0m] Started Permit User Sessions.
         Starting Terminate Plymouth Boot Screen...
         Starting Hold until boot process finishes up...
[[0;32m  OK  [0m] Started Hold until boot process finishes up.
         Starting Set console scheme...
[[0;32m  OK  [0m] Started Serial Getty on ttyS0.
[[0;32m  OK  [0m] Started Terminate Plymouth Boot Screen.
[[0;32m  OK  [0m] Started Set console scheme.
[[0;32m  OK  [0m] Created slice system-getty.slice.
[[0;32m  OK  [0m] Started Getty on tty1.
[[0;32m  OK  [0m] Reached target Login Prompts.
[[0;32m  OK  [0m] Started LSB: Record successful boot for GRUB.
[[0;32m  OK  [0m] Started Authorization Manager.
[[0;32m  OK  [0m] Started Accounts Service.
[[0;32m  OK  [0m] Started LSB: automatic crash report generation.
[[0;32m  OK  [0m] Started Virtualbox guest utils.
[[0;32m  OK  [0m] Started Dispatcher daemon for systemd-networkd.
[[0;32m  OK  [0m] Started OpenBSD Secure Shell server.
[[0;32m  OK  [0m] Created slice User Slice of vagrant.
         Starting User Manager for UID 1000...
[[0;32m  OK  [0m] Started Session 1 of user vagrant.
[[0;32m  OK  [0m] Started LXD - container startup/shutdown.
[[0;32m  OK  [0m] Started Snap Daemon.
         Starting Wait until snapd is fully seeded...
[[0;32m  OK  [0m] Started Wait until snapd is fully seeded.
[[0;32m  OK  [0m] Reached target Multi-User System.
[[0;32m  OK  [0m] Reached target Graphical Interface.
         Starting Update UTMP about System Runlevel Changes...
         Starting Apply the settings specified in cloud-config...
[[0;32m  OK  [0m] Started Update UTMP about System Runlevel Changes.
[[0;32m  OK  [0m] Started User Manager for UID 1000.
[   38.913527] cloud-init[1295]: Cloud-init v. 21.3-1-g6803368d-0ubuntu1~18.04.4 running 'modules:config' at Wed, 08 Dec 2021 19:31:01 +0000. Up 36.95 seconds.
[   39.646612] cloud-init[1367]: Cloud-init v. 21.3-1-g6803368d-0ubuntu1~18.04.4 running 'modules:final' at Wed, 08 Dec 2021 19:31:04 +0000. Up 39.22 seconds.
[   39.646773] cloud-init[1367]: Cloud-init v. 21.3-1-g6803368d-0ubuntu1~18.04.4 finished at Wed, 08 Dec 2021 19:31:04 +0000. Datasource DataSourceNoCloud [seed=/dev/sdb][dsmode=net].  Up 39.62 seconds

Ubuntu 18.04.6 LTS ansible-server ttyS0

ansible-server login: 